Component: ARM Compiler 6.12 Tool: armlink [5d624300]

==============================================================================

Section Cross References

    main.o(.text.main) refers to main.o(.text.nvic_configuration) for nvic_configuration
    main.o(.text.main) refers to main.o(.text.led_config) for led_config
    main.o(.text.main) refers to main.o(.text.key_config) for key_config
    main.o(.text.main) refers to systick.o(.text.systick_config) for systick_config
    main.o(.text.main) refers to gd32e230c_eval.o(.text.gd_eval_led_on) for gd_eval_led_on
    main.o(.text.main) refers to systick.o(.text.delay_1ms) for delay_1ms
    main.o(.text.main) refers to gd32e230c_eval.o(.text.gd_eval_led_off) for gd_eval_led_off
    main.o(.text.main) refers to main.o(.text.rtc_configuration) for rtc_configuration
    main.o(.text.main) refers to gd32e230c_eval.o(.text.gd_eval_led_toggle) for gd_eval_led_toggle
    main.o(.text.main) refers to gd32e23x_gpio.o(.text.gpio_input_bit_get) for gpio_input_bit_get
    main.o(.text.main) refers to gd32e23x_pmu.o(.text.pmu_to_deepsleepmode) for pmu_to_deepsleepmode
    main.o(.ARM.exidx.text.main) refers to main.o(.text.main) for [Anonymous Symbol]
    main.o(.text.nvic_configuration) refers to gd32e23x_misc.o(.text.nvic_irq_enable) for nvic_irq_enable
    main.o(.ARM.exidx.text.nvic_configuration) refers to main.o(.text.nvic_configuration) for [Anonymous Symbol]
    main.o(.text.led_config) refers to gd32e230c_eval.o(.text.gd_eval_led_init) for gd_eval_led_init
    main.o(.ARM.exidx.text.led_config) refers to main.o(.text.led_config) for [Anonymous Symbol]
    main.o(.text.key_config) refers to gd32e230c_eval.o(.text.gd_eval_key_init) for gd_eval_key_init
    main.o(.ARM.exidx.text.key_config) refers to main.o(.text.key_config) for [Anonymous Symbol]
    main.o(.text.rtc_configuration) refers to gd32e23x_rcu.o(.text.rcu_periph_clock_enable) for rcu_periph_clock_enable
    main.o(.text.rtc_configuration) refers to gd32e23x_pmu.o(.text.pmu_backup_write_enable) for pmu_backup_write_enable
    main.o(.text.rtc_configuration) refers to gd32e23x_rcu.o(.text.rcu_osci_on) for rcu_osci_on
    main.o(.text.rtc_configuration) refers to gd32e23x_rcu.o(.text.rcu_osci_stab_wait) for rcu_osci_stab_wait
    main.o(.text.rtc_configuration) refers to gd32e23x_rcu.o(.text.rcu_rtc_clock_config) for rcu_rtc_clock_config
    main.o(.text.rtc_configuration) refers to gd32e23x_rtc.o(.text.rtc_init) for rtc_init
    main.o(.text.rtc_configuration) refers to gd32e23x_rtc.o(.text.rtc_alarm_disable) for rtc_alarm_disable
    main.o(.text.rtc_configuration) refers to gd32e23x_rtc.o(.text.rtc_alarm_config) for rtc_alarm_config
    main.o(.text.rtc_configuration) refers to gd32e23x_rtc.o(.text.rtc_interrupt_enable) for rtc_interrupt_enable
    main.o(.text.rtc_configuration) refers to gd32e23x_rtc.o(.text.rtc_alarm_enable) for rtc_alarm_enable
    main.o(.text.rtc_configuration) refers to gd32e23x_exti.o(.text.exti_init) for exti_init
    main.o(.text.rtc_configuration) refers to gd32e23x_rtc.o(.text.rtc_flag_clear) for rtc_flag_clear
    main.o(.text.rtc_configuration) refers to gd32e23x_exti.o(.text.exti_interrupt_flag_clear) for exti_interrupt_flag_clear
    main.o(.text.rtc_configuration) refers to gd32e23x_exti.o(.text.exti_interrupt_enable) for exti_interrupt_enable
    main.o(.ARM.exidx.text.rtc_configuration) refers to main.o(.text.rtc_configuration) for [Anonymous Symbol]
    main.o(.text.rtc_alarm_time_configuration) refers to gd32e23x_rtc.o(.text.rtc_init) for rtc_init
    main.o(.text.rtc_alarm_time_configuration) refers to gd32e23x_rtc.o(.text.rtc_alarm_disable) for rtc_alarm_disable
    main.o(.text.rtc_alarm_time_configuration) refers to gd32e23x_rtc.o(.text.rtc_alarm_config) for rtc_alarm_config
    main.o(.text.rtc_alarm_time_configuration) refers to gd32e23x_rtc.o(.text.rtc_interrupt_enable) for rtc_interrupt_enable
    main.o(.text.rtc_alarm_time_configuration) refers to gd32e23x_rtc.o(.text.rtc_alarm_enable) for rtc_alarm_enable
    main.o(.ARM.exidx.text.rtc_alarm_time_configuration) refers to main.o(.text.rtc_alarm_time_configuration) for [Anonymous Symbol]
    main.o(.text.fwdgt_configuration) refers to gd32e23x_fwdgt.o(.text.fwdgt_config) for fwdgt_config
    main.o(.text.fwdgt_configuration) refers to gd32e23x_fwdgt.o(.text.fwdgt_enable) for fwdgt_enable
    main.o(.ARM.exidx.text.fwdgt_configuration) refers to main.o(.text.fwdgt_configuration) for [Anonymous Symbol]
    gd32e23x_it.o(.ARM.exidx.text.NMI_Handler) refers to gd32e23x_it.o(.text.NMI_Handler) for [Anonymous Symbol]
    gd32e23x_it.o(.ARM.exidx.text.HardFault_Handler) refers to gd32e23x_it.o(.text.HardFault_Handler) for [Anonymous Symbol]
    gd32e23x_it.o(.ARM.exidx.text.MemManage_Handler) refers to gd32e23x_it.o(.text.MemManage_Handler) for [Anonymous Symbol]
[...]
    Removing gd32e23x_pmu.o(.ARM.exidx.text.pmu_ldo_output_select), (8 bytes).
    Removing gd32e23x_pmu.o(.text.pmu_lvd_disable), (16 bytes).
    Removing gd32e23x_pmu.o(.ARM.exidx.text.pmu_lvd_disable), (8 bytes).
    Removing gd32e23x_pmu.o(.text.pmu_to_sleepmode), (48 bytes).
    Removing gd32e23x_pmu.o(.ARM.exidx.text.pmu_to_sleepmode), (8 bytes).
    Removing gd32e23x_pmu.o(.ARM.exidx.text.pmu_to_deepsleepmode), (8 bytes).
    Removing gd32e23x_pmu.o(.text.pmu_to_standbymode), (100 bytes).
    Removing gd32e23x_pmu.o(.ARM.exidx.text.pmu_to_standbymode), (8 bytes).
    Removing gd32e23x_pmu.o(.text.pmu_wakeup_pin_enable), (28 bytes).
    Removing gd32e23x_pmu.o(.ARM.exidx.text.pmu_wakeup_pin_enable), (8 bytes).
    Removing gd32e23x_pmu.o(.text.pmu_wakeup_pin_disable), (28 bytes).
    Removing gd32e23x_pmu.o(.ARM.exidx.text.pmu_wakeup_pin_disable), (8 bytes).
    Removing gd32e23x_pmu.o(.ARM.exidx.text.pmu_backup_write_enable), (8 bytes).
    Removing gd32e23x_pmu.o(.text.pmu_backup_write_disable), (20 bytes).
    Removing gd32e23x_pmu.o(.ARM.exidx.text.pmu_backup_write_disable), (8 bytes).
    Removing gd32e23x_pmu.o(.text.pmu_flag_clear), (60 bytes).
    Removing gd32e23x_pmu.o(.ARM.exidx.text.pmu_flag_clear), (8 bytes).
    Removing gd32e23x_pmu.o(.text.pmu_flag_get), (48 bytes).
    Removing gd32e23x_pmu.o(.ARM.exidx.text.pmu_flag_get), (8 bytes).
    Removing gd32e23x_rcu.o(.text), (0 bytes).
    Removing gd32e23x_rcu.o(.text.rcu_deinit), (148 bytes).
    Removing gd32e23x_rcu.o(.ARM.exidx.text.rcu_deinit), (8 bytes).
    Removing gd32e23x_rcu.o(.ARM.exidx.text.rcu_periph_clock_enable), (8 bytes).
    Removing gd32e23x_rcu.o(.text.rcu_periph_clock_disable), (44 bytes).
    Removing gd32e23x_rcu.o(.ARM.exidx.text.rcu_periph_clock_disable), (8 bytes).
    Removing gd32e23x_rcu.o(.text.rcu_periph_clock_sleep_enable), (44 bytes).
    Removing gd32e23x_rcu.o(.ARM.exidx.text.rcu_periph_clock_sleep_enable), (8 bytes).
    Removing gd32e23x_rcu.o(.text.rcu_periph_clock_sleep_disable), (44 bytes).
    Removing gd32e23x_rcu.o(.ARM.exidx.text.rcu_periph_clock_sleep_disable), (8 bytes).
    Removing gd32e23x_rcu.o(.text.rcu_periph_reset_enable), (44 bytes).
    Removing gd32e23x_rcu.o(.ARM.exidx.text.rcu_periph_reset_enable), (8 bytes).
    Removing gd32e23x_rcu.o(.text.rcu_periph_reset_disable), (44 bytes).
    Removing gd32e23x_rcu.o(.ARM.exidx.text.rcu_periph_reset_disable), (8 bytes).
    Removing gd32e23x_rcu.o(.text.rcu_bkp_reset_enable), (20 bytes).
    Removing gd32e23x_rcu.o(.ARM.exidx.text.rcu_bkp_reset_enable), (8 bytes).
    Removing gd32e23x_rcu.o(.text.rcu_bkp_reset_disable), (20 bytes).
    Removing gd32e23x_rcu.o(.ARM.exidx.text.rcu_bkp_reset_disable), (8 bytes).
    Removing gd32e23x_rcu.o(.text.rcu_system_clock_source_config), (44 bytes).
    Removing gd32e23x_rcu.o(.ARM.exidx.text.rcu_system_clock_source_config), (8 bytes).
    Removing gd32e23x_rcu.o(.text.rcu_system_clock_source_get), (16 bytes).
    Removing gd32e23x_rcu.o(.ARM.exidx.text.rcu_system_clock_source_get), (8 bytes).
    Removing gd32e23x_rcu.o(.text.rcu_ahb_clock_config), (44 bytes).
    Removing gd32e23x_rcu.o(.ARM.exidx.text.rcu_ahb_clock_config), (8 bytes).
    Removing gd32e23x_rcu.o(.text.rcu_apb1_clock_config), (44 bytes).
    Removing gd32e23x_rcu.o(.ARM.exidx.text.rcu_apb1_clock_config), (8 bytes).
    Removing gd32e23x_rcu.o(.text.rcu_apb2_clock_config), (44 bytes).
    Removing gd32e23x_rcu.o(.ARM.exidx.text.rcu_apb2_clock_config), (8 bytes).
    Removing gd32e23x_rcu.o(.text.rcu_adc_clock_config), (400 bytes).
    Removing gd32e23x_rcu.o(.ARM.exidx.text.rcu_adc_clock_config), (8 bytes).
    Removing gd32e23x_rcu.o(.text.rcu_ckout_config), (56 bytes).
    Removing gd32e23x_rcu.o(.ARM.exidx.text.rcu_ckout_config), (8 bytes).
    Removing gd32e23x_rcu.o(.text.rcu_pll_config), (52 bytes).
    Removing gd32e23x_rcu.o(.ARM.exidx.text.rcu_pll_config), (8 bytes).
    Removing gd32e23x_rcu.o(.text.rcu_usart_clock_config), (36 bytes).
    Removing gd32e23x_rcu.o(.ARM.exidx.text.rcu_usart_clock_config), (8 bytes).
    Removing gd32e23x_rcu.o(.ARM.exidx.text.rcu_rtc_clock_config), (8 bytes).
    Removing gd32e23x_rcu.o(.text.rcu_hxtal_prediv_config), (44 bytes).
    Removing gd32e23x_rcu.o(.ARM.exidx.text.rcu_hxtal_prediv_config), (8 bytes).
    Removing gd32e23x_rcu.o(.text.rcu_lxtal_drive_capability_config), (36 bytes).
    Removing gd32e23x_rcu.o(.ARM.exidx.text.rcu_lxtal_drive_capability_config), (8 bytes).
    Removing gd32e23x_rcu.o(.ARM.exidx.text.rcu_flag_get), (8 bytes).
    Removing gd32e23x_rcu.o(.text.rcu_all_reset_flag_clear), (20 bytes).
    Removing gd32e23x_rcu.o(.ARM.exidx.text.rcu_all_reset_flag_clear), (8 bytes).
    Removing gd32e23x_rcu.o(.text.rcu_interrupt_flag_get), (64 bytes).
    Removing gd32e23x_rcu.o(.ARM.exidx.text.rcu_interrupt_flag_get), (8 bytes).
    Removing gd32e23x_rcu.o(.text.rcu_interrupt_flag_clear), (44 bytes).
    Removing gd32e23x_rcu.o(.ARM.exidx.text.rcu_interrupt_flag_clear), (8 bytes).
    Removing gd32e23x_rcu.o(.text.rcu_interrupt_enable), (44 bytes).
    Removing gd32e23x_rcu.o(.ARM.exidx.text.rcu_interrupt_enable), (8 bytes).
    Removing gd32e23x_rcu.o(.text.rcu_interrupt_disable), (44 bytes).
    Removing gd32e23x_rcu.o(.ARM.exidx.text.rcu_interrupt_disable), (8 bytes).
    Removing gd32e23x_rcu.o(.ARM.exidx.text.rcu_osci_stab_wait), (8 bytes).
    Removing gd32e23x_rcu.o(.ARM.exidx.text.rcu_osci_on), (8 bytes).
    Removing gd32e23x_rcu.o(.text.rcu_osci_off), (44 bytes).
    Removing gd32e23x_rcu.o(.ARM.exidx.text.rcu_osci_off), (8 bytes).
    Removing gd32e23x_rcu.o(.text.rcu_osci_bypass_mode_enable), (140 bytes).
    Removing gd32e23x_rcu.o(.ARM.exidx.text.rcu_osci_bypass_mode_enable), (8 bytes).
    Removing gd32e23x_rcu.o(.text.rcu_osci_bypass_mode_disable), (140 bytes).
    Removing gd32e23x_rcu.o(.ARM.exidx.text.rcu_osci_bypass_mode_disable), (8 bytes).
    Removing gd32e23x_rcu.o(.text.rcu_hxtal_clock_monitor_enable), (20 bytes).
    Removing gd32e23x_rcu.o(.ARM.exidx.text.rcu_hxtal_clock_monitor_enable), (8 bytes).
    Removing gd32e23x_rcu.o(.text.rcu_hxtal_clock_monitor_disable), (20 bytes).
    Removing gd32e23x_rcu.o(.ARM.exidx.text.rcu_hxtal_clock_monitor_disable), (8 bytes).
    Removing gd32e23x_rcu.o(.text.rcu_irc8m_adjust_value_set), (48 bytes).
    Removing gd32e23x_rcu.o(.ARM.exidx.text.rcu_irc8m_adjust_value_set), (8 bytes).
    Removing gd32e23x_rcu.o(.text.rcu_irc28m_adjust_value_set), (48 bytes).
    Removing gd32e23x_rcu.o(.ARM.exidx.text.rcu_irc28m_adjust_value_set), (8 bytes).
    Removing gd32e23x_rcu.o(.text.rcu_voltage_key_unlock), (32 bytes).
    Removing gd32e23x_rcu.o(.ARM.exidx.text.rcu_voltage_key_unlock), (8 bytes).
    Removing gd32e23x_rcu.o(.text.rcu_deepsleep_voltage_set), (36 bytes).
    Removing gd32e23x_rcu.o(.ARM.exidx.text.rcu_deepsleep_voltage_set), (8 bytes).
    Removing gd32e23x_rcu.o(.text.rcu_clock_freq_get), (772 bytes).
    Removing gd32e23x_rcu.o(.ARM.exidx.text.rcu_clock_freq_get), (8 bytes).
    Removing gd32e23x_rcu.o(.rodata.cst16), (16 bytes).
    Removing gd32e23x_rcu.o(.rodata.cst8), (16 bytes).
    Removing gd32e23x_rtc.o(.text), (0 bytes).
    Removing gd32e23x_rtc.o(.text.rtc_deinit), (168 bytes).
    Removing gd32e23x_rtc.o(.ARM.exidx.text.rtc_deinit), (8 bytes).
    Removing gd32e23x_rtc.o(.ARM.exidx.text.rtc_init_mode_enter), (8 bytes).
    Removing gd32e23x_rtc.o(.ARM.exidx.text.rtc_register_sync_wait), (8 bytes).
    Removing gd32e23x_rtc.o(.ARM.exidx.text.rtc_init), (8 bytes).
    Removing gd32e23x_rtc.o(.ARM.exidx.text.rtc_init_mode_exit), (8 bytes).
    Removing gd32e23x_rtc.o(.text.rtc_current_time_get), (188 bytes).
    Removing gd32e23x_rtc.o(.ARM.exidx.text.rtc_current_time_get), (8 bytes).
    Removing gd32e23x_rtc.o(.text.rtc_subsecond_get), (36 bytes).
    Removing gd32e23x_rtc.o(.ARM.exidx.text.rtc_subsecond_get), (8 bytes).
    Removing gd32e23x_rtc.o(.ARM.exidx.text.rtc_alarm_config), (8 bytes).
    Removing gd32e23x_rtc.o(.text.rtc_alarm_subsecond_config), (52 bytes).
    Removing gd32e23x_rtc.o(.ARM.exidx.text.rtc_alarm_subsecond_config), (8 bytes).
    Removing gd32e23x_rtc.o(.ARM.exidx.text.rtc_alarm_enable), (8 bytes).
    Removing gd32e23x_rtc.o(.ARM.exidx.text.rtc_alarm_disable), (8 bytes).
    Removing gd32e23x_rtc.o(.text.rtc_alarm_get), (112 bytes).
    Removing gd32e23x_rtc.o(.ARM.exidx.text.rtc_alarm_get), (8 bytes).
    Removing gd32e23x_rtc.o(.text.rtc_alarm_subsecond_get), (20 bytes).
    Removing gd32e23x_rtc.o(.ARM.exidx.text.rtc_alarm_subsecond_get), (8 bytes).
    Removing gd32e23x_rtc.o(.text.rtc_timestamp_enable), (72 bytes).
    Removing gd32e23x_rtc.o(.ARM.exidx.text.rtc_timestamp_enable), (8 bytes).
    Removing gd32e23x_rtc.o(.text.rtc_timestamp_disable), (36 bytes).
    Removing gd32e23x_rtc.o(.ARM.exidx.text.rtc_timestamp_disable), (8 bytes).
    Removing gd32e23x_rtc.o(.text.rtc_timestamp_get), (120 bytes).
    Removing gd32e23x_rtc.o(.ARM.exidx.text.rtc_timestamp_get), (8 bytes).
    Removing gd32e23x_rtc.o(.text.rtc_timestamp_subsecond_get), (12 bytes).
    Removing gd32e23x_rtc.o(.ARM.exidx.text.rtc_timestamp_subsecond_get), (8 bytes).
    Removing gd32e23x_rtc.o(.text.rtc_tamper_enable), (208 bytes).
    Removing gd32e23x_rtc.o(.ARM.exidx.text.rtc_tamper_enable), (8 bytes).
    Removing gd32e23x_rtc.o(.text.rtc_tamper_disable), (28 bytes).
    Removing gd32e23x_rtc.o(.ARM.exidx.text.rtc_tamper_disable), (8 bytes).
    Removing gd32e23x_rtc.o(.ARM.exidx.text.rtc_interrupt_enable), (8 bytes).
    Removing gd32e23x_rtc.o(.text.rtc_interrupt_disable), (72 bytes).
    Removing gd32e23x_rtc.o(.ARM.exidx.text.rtc_interrupt_disable), (8 bytes).
    Removing gd32e23x_rtc.o(.ARM.exidx.text.rtc_flag_get), (8 bytes).
    Removing gd32e23x_rtc.o(.ARM.exidx.text.rtc_flag_clear), (8 bytes).
    Removing gd32e23x_rtc.o(.text.rtc_alter_output_config), (100 bytes).
    Removing gd32e23x_rtc.o(.ARM.exidx.text.rtc_alter_output_config), (8 bytes).
    Removing gd32e23x_rtc.o(.text.rtc_calibration_config), (176 bytes).
    Removing gd32e23x_rtc.o(.ARM.exidx.text.rtc_calibration_config), (8 bytes).
    Removing gd32e23x_rtc.o(.text.rtc_hour_adjust), (48 bytes).
    Removing gd32e23x_rtc.o(.ARM.exidx.text.rtc_hour_adjust), (8 bytes).
    Removing gd32e23x_rtc.o(.text.rtc_second_adjust), (188 bytes).
    Removing gd32e23x_rtc.o(.ARM.exidx.text.rtc_second_adjust), (8 bytes).
    Removing gd32e23x_rtc.o(.text.rtc_bypass_shadow_enable), (36 bytes).
    Removing gd32e23x_rtc.o(.ARM.exidx.text.rtc_bypass_shadow_enable), (8 bytes).
    Removing gd32e23x_rtc.o(.text.rtc_bypass_shadow_disable), (36 bytes).
    Removing gd32e23x_rtc.o(.ARM.exidx.text.rtc_bypass_shadow_disable), (8 bytes).
    Removing gd32e23x_rtc.o(.text.rtc_refclock_detection_enable), (76 bytes).
    Removing gd32e23x_rtc.o(.ARM.exidx.text.rtc_refclock_detection_enable), (8 bytes).
    Removing gd32e23x_rtc.o(.text.rtc_refclock_detection_disable), (76 bytes).
    Removing gd32e23x_rtc.o(.ARM.exidx.text.rtc_refclock_detection_disable), (8 bytes).
    Removing gd32e23x_spi.o(.text), (0 bytes).
    Removing gd32e23x_spi.o(.text.spi_i2s_deinit), (84 bytes).
    Removing gd32e23x_spi.o(.ARM.exidx.text.spi_i2s_deinit), (8 bytes).
    Removing gd32e23x_spi.o(.text.spi_struct_para_init), (42 bytes).
    Removing gd32e23x_spi.o(.ARM.exidx.text.spi_struct_para_init), (8 bytes).
    Removing gd32e23x_spi.o(.text.spi_init), (316 bytes).
    Removing gd32e23x_spi.o(.ARM.exidx.text.spi_init), (8 bytes).
    Removing gd32e23x_spi.o(.text.spi_enable), (22 bytes).
    Removing gd32e23x_spi.o(.ARM.exidx.text.spi_enable), (8 bytes).
    Removing gd32e23x_spi.o(.text.spi_disable), (22 bytes).
    Removing gd32e23x_spi.o(.ARM.exidx.text.spi_disable), (8 bytes).
    Removing gd32e23x_spi.o(.text.i2s_init), (96 bytes).
    Removing gd32e23x_spi.o(.ARM.exidx.text.i2s_init), (8 bytes).
    Removing gd32e23x_spi.o(.text.i2s_psc_config), (230 bytes).
    Removing gd32e23x_spi.o(.ARM.exidx.text.i2s_psc_config), (8 bytes).
    Removing gd32e23x_spi.o(.text.i2s_enable), (24 bytes).
    Removing gd32e23x_spi.o(.ARM.exidx.text.i2s_enable), (8 bytes).
    Removing gd32e23x_spi.o(.text.i2s_disable), (24 bytes).
    Removing gd32e23x_spi.o(.ARM.exidx.text.i2s_disable), (8 bytes).
    Removing gd32e23x_spi.o(.text.spi_nss_output_enable), (22 bytes).
    Removing gd32e23x_spi.o(.ARM.exidx.text.spi_nss_output_enable), (8 bytes).
    Removing gd32e23x_spi.o(.text.spi_nss_output_disable), (22 bytes).
    Removing gd32e23x_spi.o(.ARM.exidx.text.spi_nss_output_disable), (8 bytes).
    Removing gd32e23x_spi.o(.text.spi_nss_internal_high), (24 bytes).
    Removing gd32e23x_spi.o(.ARM.exidx.text.spi_nss_internal_high), (8 bytes).
    Removing gd32e23x_spi.o(.text.spi_nss_internal_low), (24 bytes).
    Removing gd32e23x_spi.o(.ARM.exidx.text.spi_nss_internal_low), (8 bytes).
    Removing gd32e23x_spi.o(.text.spi_dma_enable), (52 bytes).
    Removing gd32e23x_spi.o(.ARM.exidx.text.spi_dma_enable), (8 bytes).
    Removing gd32e23x_spi.o(.text.spi_dma_disable), (52 bytes).
    Removing gd32e23x_spi.o(.ARM.exidx.text.spi_dma_disable), (8 bytes).
    Removing gd32e23x_spi.o(.text.spi_i2s_data_frame_format_config), (140 bytes).
    Removing gd32e23x_spi.o(.ARM.exidx.text.spi_i2s_data_frame_format_config), (8 bytes).
    Removing gd32e23x_spi.o(.text.spi_i2s_data_transmit), (92 bytes).
    Removing gd32e23x_spi.o(.ARM.exidx.text.spi_i2s_data_transmit), (8 bytes).
    Removing gd32e23x_spi.o(.text.spi_i2s_data_receive), (88 bytes).
    Removing gd32e23x_spi.o(.ARM.exidx.text.spi_i2s_data_receive), (8 bytes).
    Removing gd32e23x_spi.o(.text.spi_bidirectional_transfer_config), (58 bytes).
    Removing gd32e23x_spi.o(.ARM.exidx.text.spi_bidirectional_transfer_config), (8 bytes).
    Removing gd32e23x_spi.o(.text.spi_crc_polynomial_set), (40 bytes).
    Removing gd32e23x_spi.o(.ARM.exidx.text.spi_crc_polynomial_set), (8 bytes).
    Removing gd32e23x_spi.o(.text.spi_crc_polynomial_get), (18 bytes).
    Removing gd32e23x_spi.o(.ARM.exidx.text.spi_crc_polynomial_get), (8 bytes).
    Removing gd32e23x_spi.o(.text.spi_crc_on), (24 bytes).
    Removing gd32e23x_spi.o(.ARM.exidx.text.spi_crc_on), (8 bytes).
    Removing gd32e23x_spi.o(.text.spi_crc_off), (24 bytes).
    Removing gd32e23x_spi.o(.ARM.exidx.text.spi_crc_off), (8 bytes).
    Removing gd32e23x_spi.o(.text.spi_crc_next), (24 bytes).
    Removing gd32e23x_spi.o(.ARM.exidx.text.spi_crc_next), (8 bytes).
    Removing gd32e23x_spi.o(.text.spi_crc_get), (52 bytes).
    Removing gd32e23x_spi.o(.ARM.exidx.text.spi_crc_get), (8 bytes).
    Removing gd32e23x_spi.o(.text.spi_ti_mode_enable), (22 bytes).
    Removing gd32e23x_spi.o(.ARM.exidx.text.spi_ti_mode_enable), (8 bytes).
    Removing gd32e23x_spi.o(.text.spi_ti_mode_disable), (22 bytes).
    Removing gd32e23x_spi.o(.ARM.exidx.text.spi_ti_mode_disable), (8 bytes).
    Removing gd32e23x_spi.o(.text.spi_nssp_mode_enable), (22 bytes).
    Removing gd32e23x_spi.o(.ARM.exidx.text.spi_nssp_mode_enable), (8 bytes).
    Removing gd32e23x_spi.o(.text.spi_nssp_mode_disable), (22 bytes).
    Removing gd32e23x_spi.o(.ARM.exidx.text.spi_nssp_mode_disable), (8 bytes).
    Removing gd32e23x_spi.o(.text.qspi_enable), (26 bytes).
    Removing gd32e23x_spi.o(.ARM.exidx.text.qspi_enable), (8 bytes).
    Removing gd32e23x_spi.o(.text.qspi_disable), (26 bytes).
    Removing gd32e23x_spi.o(.ARM.exidx.text.qspi_disable), (8 bytes).
    Removing gd32e23x_spi.o(.text.qspi_write_enable), (26 bytes).
    Removing gd32e23x_spi.o(.ARM.exidx.text.qspi_write_enable), (8 bytes).
    Removing gd32e23x_spi.o(.text.qspi_read_enable), (26 bytes).
    Removing gd32e23x_spi.o(.ARM.exidx.text.qspi_read_enable), (8 bytes).
    Removing gd32e23x_spi.o(.text.qspi_io23_output_enable), (26 bytes).
    Removing gd32e23x_spi.o(.ARM.exidx.text.qspi_io23_output_enable), (8 bytes).
    Removing gd32e23x_spi.o(.text.qspi_io23_output_disable), (26 bytes).
    Removing gd32e23x_spi.o(.ARM.exidx.text.qspi_io23_output_disable), (8 bytes).
    Removing gd32e23x_spi.o(.text.spi_i2s_interrupt_enable), (84 bytes).
    Removing gd32e23x_spi.o(.ARM.exidx.text.spi_i2s_interrupt_enable), (8 bytes).
    Removing gd32e23x_spi.o(.text.spi_i2s_interrupt_disable), (84 bytes).
    Removing gd32e23x_spi.o(.ARM.exidx.text.spi_i2s_interrupt_disable), (8 bytes).
    Removing gd32e23x_spi.o(.text.spi_i2s_interrupt_flag_get), (244 bytes).
    Removing gd32e23x_spi.o(.ARM.exidx.text.spi_i2s_interrupt_flag_get), (8 bytes).
    Removing gd32e23x_spi.o(.text.spi_i2s_flag_get), (144 bytes).
    Removing gd32e23x_spi.o(.ARM.exidx.text.spi_i2s_flag_get), (8 bytes).
    Removing gd32e23x_spi.o(.text.spi_crc_error_clear), (22 bytes).
    Removing gd32e23x_spi.o(.ARM.exidx.text.spi_crc_error_clear), (8 bytes).
    Removing gd32e23x_spi.o(.text.spi_fifo_access_size_config), (44 bytes).
    Removing gd32e23x_spi.o(.ARM.exidx.text.spi_fifo_access_size_config), (8 bytes).
    Removing gd32e23x_spi.o(.text.spi_transmit_odd_config), (44 bytes).
    Removing gd32e23x_spi.o(.ARM.exidx.text.spi_transmit_odd_config), (8 bytes).
    Removing gd32e23x_spi.o(.text.spi_receive_odd_config), (44 bytes).
    Removing gd32e23x_spi.o(.ARM.exidx.text.spi_receive_odd_config), (8 bytes).
    Removing gd32e23x_spi.o(.text.spi_crc_length_set), (44 bytes).
    Removing gd32e23x_spi.o(.ARM.exidx.text.spi_crc_length_set), (8 bytes).
    Removing gd32e23x_syscfg.o(.text), (0 bytes).
    Removing gd32e23x_syscfg.o(.text.syscfg_deinit), (24 bytes).
    Removing gd32e23x_syscfg.o(.ARM.exidx.text.syscfg_deinit), (8 bytes).
    Removing gd32e23x_syscfg.o(.text.syscfg_dma_remap_enable), (28 bytes).
    Removing gd32e23x_syscfg.o(.ARM.exidx.text.syscfg_dma_remap_enable), (8 bytes).
    Removing gd32e23x_syscfg.o(.text.syscfg_dma_remap_disable), (28 bytes).
    Removing gd32e23x_syscfg.o(.ARM.exidx.text.syscfg_dma_remap_disable), (8 bytes).
    Removing gd32e23x_syscfg.o(.text.syscfg_high_current_enable), (20 bytes).
    Removing gd32e23x_syscfg.o(.ARM.exidx.text.syscfg_high_current_enable), (8 bytes).
    Removing gd32e23x_syscfg.o(.text.syscfg_high_current_disable), (20 bytes).
    Removing gd32e23x_syscfg.o(.ARM.exidx.text.syscfg_high_current_disable), (8 bytes).
    Removing gd32e23x_syscfg.o(.ARM.exidx.text.syscfg_exti_line_config), (8 bytes).
    Removing gd32e23x_syscfg.o(.text.syscfg_lock_config), (28 bytes).
    Removing gd32e23x_syscfg.o(.ARM.exidx.text.syscfg_lock_config), (8 bytes).
    Removing gd32e23x_syscfg.o(.text.irq_latency_set), (44 bytes).
    Removing gd32e23x_syscfg.o(.ARM.exidx.text.irq_latency_set), (8 bytes).
    Removing gd32e23x_syscfg.o(.text.syscfg_flag_get), (48 bytes).
    Removing gd32e23x_syscfg.o(.ARM.exidx.text.syscfg_flag_get), (8 bytes).
    Removing gd32e23x_syscfg.o(.text.syscfg_flag_clear), (28 bytes).
    Removing gd32e23x_syscfg.o(.ARM.exidx.text.syscfg_flag_clear), (8 bytes).
    Removing gd32e23x_timer.o(.text), (0 bytes).
    Removing gd32e23x_timer.o(.text.timer_deinit), (252 bytes).
    Removing gd32e23x_timer.o(.ARM.exidx.text.timer_deinit), (8 bytes).
    Removing gd32e23x_timer.o(.text.timer_struct_para_init), (44 bytes).
    Removing gd32e23x_timer.o(.ARM.exidx.text.timer_struct_para_init), (8 bytes).
    Removing gd32e23x_timer.o(.text.timer_init), (260 bytes).
    Removing gd32e23x_timer.o(.ARM.exidx.text.timer_init), (8 bytes).
    Removing gd32e23x_timer.o(.text.timer_enable), (22 bytes).
    Removing gd32e23x_timer.o(.ARM.exidx.text.timer_enable), (8 bytes).
    Removing gd32e23x_timer.o(.text.timer_disable), (22 bytes).
    Removing gd32e23x_timer.o(.ARM.exidx.text.timer_disable), (8 bytes).
    Removing gd32e23x_timer.o(.text.timer_auto_reload_shadow_enable), (22 bytes).
    Removing gd32e23x_timer.o(.ARM.exidx.text.timer_auto_reload_shadow_enable), (8 bytes).
    Removing gd32e23x_timer.o(.text.timer_auto_reload_shadow_disable), (22 bytes).
    Removing gd32e23x_timer.o(.ARM.exidx.text.timer_auto_reload_shadow_disable), (8 bytes).
    Removing gd32e23x_timer.o(.text.timer_update_event_enable), (22 bytes).
    Removing gd32e23x_timer.o(.ARM.exidx.text.timer_update_event_enable), (8 bytes).
    Removing gd32e23x_timer.o(.text.timer_update_event_disable), (22 bytes).
    Removing gd32e23x_timer.o(.ARM.exidx.text.timer_update_event_disable), (8 bytes).
    Removing gd32e23x_timer.o(.text.timer_counter_alignment), (42 bytes).
    Removing gd32e23x_timer.o(.ARM.exidx.text.timer_counter_alignment), (8 bytes).
    Removing gd32e23x_timer.o(.text.timer_counter_up_direction), (22 bytes).
    Removing gd32e23x_timer.o(.ARM.exidx.text.timer_counter_up_direction), (8 bytes).
    Removing gd32e23x_timer.o(.text.timer_counter_down_direction), (22 bytes).
    Removing gd32e23x_timer.o(.ARM.exidx.text.timer_counter_down_direction), (8 bytes).
    Removing gd32e23x_timer.o(.text.timer_prescaler_config), (56 bytes).
    Removing gd32e23x_timer.o(.ARM.exidx.text.timer_prescaler_config), (8 bytes).
    Removing gd32e23x_timer.o(.text.timer_repetition_value_config), (26 bytes).
    Removing gd32e23x_timer.o(.ARM.exidx.text.timer_repetition_value_config), (8 bytes).
    Removing gd32e23x_timer.o(.text.timer_autoreload_value_config), (26 bytes).
    Removing gd32e23x_timer.o(.ARM.exidx.text.timer_autoreload_value_config), (8 bytes).
    Removing gd32e23x_timer.o(.text.timer_counter_value_config), (26 bytes).
    Removing gd32e23x_timer.o(.ARM.exidx.text.timer_counter_value_config), (8 bytes).
    Removing gd32e23x_timer.o(.text.timer_counter_read), (24 bytes).
    Removing gd32e23x_timer.o(.ARM.exidx.text.timer_counter_read), (8 bytes).
    Removing gd32e23x_timer.o(.text.timer_prescaler_read), (26 bytes).
    Removing gd32e23x_timer.o(.ARM.exidx.text.timer_prescaler_read), (8 bytes).
    Removing gd32e23x_timer.o(.text.timer_single_pulse_mode_config), (62 bytes).
    Removing gd32e23x_timer.o(.ARM.exidx.text.timer_single_pulse_mode_config), (8 bytes).
    Removing gd32e23x_timer.o(.text.timer_update_source_config), (62 bytes).
    Removing gd32e23x_timer.o(.ARM.exidx.text.timer_update_source_config), (8 bytes).
    Removing gd32e23x_timer.o(.text.timer_ocpre_clear_source_config), (66 bytes).
    Removing gd32e23x_timer.o(.ARM.exidx.text.timer_ocpre_clear_source_config), (8 bytes).
    Removing gd32e23x_timer.o(.text.timer_interrupt_enable), (30 bytes).
    Removing gd32e23x_timer.o(.ARM.exidx.text.timer_interrupt_enable), (8 bytes).
    Removing gd32e23x_timer.o(.text.timer_interrupt_disable), (30 bytes).
    Removing gd32e23x_timer.o(.ARM.exidx.text.timer_interrupt_disable), (8 bytes).
    Removing gd32e23x_timer.o(.text.timer_interrupt_flag_get), (68 bytes).
    Removing gd32e23x_timer.o(.ARM.exidx.text.timer_interrupt_flag_get), (8 bytes).
    Removing gd32e23x_timer.o(.text.timer_interrupt_flag_clear), (26 bytes).
    Removing gd32e23x_timer.o(.ARM.exidx.text.timer_interrupt_flag_clear), (8 bytes).
    Removing gd32e23x_timer.o(.text.timer_flag_get), (50 bytes).
    Removing gd32e23x_timer.o(.ARM.exidx.text.timer_flag_get), (8 bytes).
    Removing gd32e23x_timer.o(.text.timer_flag_clear), (26 bytes).
    Removing gd32e23x_timer.o(.ARM.exidx.text.timer_flag_clear), (8 bytes).
    Removing gd32e23x_timer.o(.text.timer_dma_enable), (32 bytes).
    Removing gd32e23x_timer.o(.ARM.exidx.text.timer_dma_enable), (8 bytes).
    Removing gd32e23x_timer.o(.text.timer_dma_disable), (32 bytes).
    Removing gd32e23x_timer.o(.ARM.exidx.text.timer_dma_disable), (8 bytes).
    Removing gd32e23x_timer.o(.text.timer_channel_dma_request_source_select), (66 bytes).
    Removing gd32e23x_timer.o(.ARM.exidx.text.timer_channel_dma_request_source_select), (8 bytes).
    Removing gd32e23x_timer.o(.text.timer_dma_transfer_config), (56 bytes).
    Removing gd32e23x_timer.o(.ARM.exidx.text.timer_dma_transfer_config), (8 bytes).
    Removing gd32e23x_timer.o(.text.timer_event_software_generate), (32 bytes).
    Removing gd32e23x_timer.o(.ARM.exidx.text.timer_event_software_generate), (8 bytes).
    Removing gd32e23x_timer.o(.text.timer_break_struct_para_init), (42 bytes).
    Removing gd32e23x_timer.o(.ARM.exidx.text.timer_break_struct_para_init), (8 bytes).
    Removing gd32e23x_timer.o(.text.timer_break_config), (52 bytes).
    Removing gd32e23x_timer.o(.ARM.exidx.text.timer_break_config), (8 bytes).
    Removing gd32e23x_timer.o(.text.timer_break_enable), (24 bytes).
    Removing gd32e23x_timer.o(.ARM.exidx.text.timer_break_enable), (8 bytes).
    Removing gd32e23x_timer.o(.text.timer_break_disable), (24 bytes).
    Removing gd32e23x_timer.o(.ARM.exidx.text.timer_break_disable), (8 bytes).
    Removing gd32e23x_timer.o(.text.timer_automatic_output_enable), (24 bytes).
    Removing gd32e23x_timer.o(.ARM.exidx.text.timer_automatic_output_enable), (8 bytes).
    Removing gd32e23x_timer.o(.text.timer_automatic_output_disable), (24 bytes).
    Removing gd32e23x_timer.o(.ARM.exidx.text.timer_automatic_output_disable), (8 bytes).
    Removing gd32e23x_timer.o(.text.timer_primary_output_config), (56 bytes).
    Removing gd32e23x_timer.o(.ARM.exidx.text.timer_primary_output_config), (8 bytes).
    Removing gd32e23x_timer.o(.text.timer_channel_control_shadow_config), (52 bytes).
    Removing gd32e23x_timer.o(.ARM.exidx.text.timer_channel_control_shadow_config), (8 bytes).
    Removing gd32e23x_timer.o(.text.timer_channel_control_shadow_update_config), (66 bytes).
    Removing gd32e23x_timer.o(.ARM.exidx.text.timer_channel_control_shadow_update_config), (8 bytes).
    Removing gd32e23x_timer.o(.text.timer_channel_output_struct_para_init), (38 bytes).
    Removing gd32e23x_timer.o(.ARM.exidx.text.timer_channel_output_struct_para_init), (8 bytes).
    Removing gd32e23x_timer.o(.text.timer_channel_output_config), (768 bytes).
    Removing gd32e23x_timer.o(.ARM.exidx.text.timer_channel_output_config), (8 bytes).
    Removing gd32e23x_timer.o(.text.timer_channel_output_mode_config), (170 bytes).
    Removing gd32e23x_timer.o(.ARM.exidx.text.timer_channel_output_mode_config), (8 bytes).
    Removing gd32e23x_timer.o(.text.timer_channel_output_pulse_value_config), (98 bytes).
    Removing gd32e23x_timer.o(.ARM.exidx.text.timer_channel_output_pulse_value_config), (8 bytes).
    Removing gd32e23x_timer.o(.text.timer_channel_output_shadow_config), (170 bytes).
    Removing gd32e23x_timer.o(.ARM.exidx.text.timer_channel_output_shadow_config), (8 bytes).
    Removing gd32e23x_timer.o(.text.timer_channel_output_fast_config), (170 bytes).
    Removing gd32e23x_timer.o(.ARM.exidx.text.timer_channel_output_fast_config), (8 bytes).
    Removing gd32e23x_timer.o(.text.timer_channel_output_clear_config), (170 bytes).
    Removing gd32e23x_timer.o(.ARM.exidx.text.timer_channel_output_clear_config), (8 bytes).
    Removing gd32e23x_timer.o(.text.timer_channel_output_polarity_config), (172 bytes).
    Removing gd32e23x_timer.o(.ARM.exidx.text.timer_channel_output_polarity_config), (8 bytes).
    Removing gd32e23x_timer.o(.text.timer_channel_complementary_output_polarity_config), (172 bytes).
    Removing gd32e23x_timer.o(.ARM.exidx.text.timer_channel_complementary_output_polarity_config), (8 bytes).
    Removing gd32e23x_timer.o(.text.timer_channel_output_state_config), (164 bytes).
    Removing gd32e23x_timer.o(.ARM.exidx.text.timer_channel_output_state_config), (8 bytes).
    Removing gd32e23x_timer.o(.text.timer_channel_complementary_output_state_config), (136 bytes).
    Removing gd32e23x_timer.o(.ARM.exidx.text.timer_channel_complementary_output_state_config), (8 bytes).
    Removing gd32e23x_timer.o(.text.timer_channel_input_struct_para_init), (32 bytes).
    Removing gd32e23x_timer.o(.ARM.exidx.text.timer_channel_input_struct_para_init), (8 bytes).
    Removing gd32e23x_timer.o(.text.timer_input_capture_config), (458 bytes).
    Removing gd32e23x_timer.o(.ARM.exidx.text.timer_input_capture_config), (8 bytes).
    Removing gd32e23x_timer.o(.text.timer_channel_input_capture_prescaler_config), (170 bytes).
    Removing gd32e23x_timer.o(.ARM.exidx.text.timer_channel_input_capture_prescaler_config), (8 bytes).
    Removing gd32e23x_timer.o(.text.timer_channel_capture_value_register_read), (96 bytes).
    Removing gd32e23x_timer.o(.ARM.exidx.text.timer_channel_capture_value_register_read), (8 bytes).
    Removing gd32e23x_timer.o(.text.timer_input_pwm_capture_config), (524 bytes).
    Removing gd32e23x_timer.o(.ARM.exidx.text.timer_input_pwm_capture_config), (8 bytes).
    Removing gd32e23x_timer.o(.text.timer_hall_mode_config), (62 bytes).
    Removing gd32e23x_timer.o(.ARM.exidx.text.timer_hall_mode_config), (8 bytes).
    Removing gd32e23x_timer.o(.text.timer_input_trigger_source_select), (40 bytes).
    Removing gd32e23x_timer.o(.ARM.exidx.text.timer_input_trigger_source_select), (8 bytes).
    Removing gd32e23x_timer.o(.text.timer_master_output_trigger_source_select), (40 bytes).
    Removing gd32e23x_timer.o(.ARM.exidx.text.timer_master_output_trigger_source_select), (8 bytes).
    Removing gd32e23x_timer.o(.text.timer_slave_mode_select), (40 bytes).
    Removing gd32e23x_timer.o(.ARM.exidx.text.timer_slave_mode_select), (8 bytes).
    Removing gd32e23x_timer.o(.text.timer_master_slave_mode_config), (62 bytes).
    Removing gd32e23x_timer.o(.ARM.exidx.text.timer_master_slave_mode_config), (8 bytes).
    Removing gd32e23x_timer.o(.text.timer_external_trigger_config), (70 bytes).
    Removing gd32e23x_timer.o(.ARM.exidx.text.timer_external_trigger_config), (8 bytes).
    Removing gd32e23x_timer.o(.text.timer_quadrature_decoder_mode_config), (124 bytes).
    Removing gd32e23x_timer.o(.ARM.exidx.text.timer_quadrature_decoder_mode_config), (8 bytes).
    Removing gd32e23x_timer.o(.text.timer_internal_clock_config), (22 bytes).
    Removing gd32e23x_timer.o(.ARM.exidx.text.timer_internal_clock_config), (8 bytes).
    Removing gd32e23x_timer.o(.text.timer_internal_trigger_as_external_clock_config), (46 bytes).
    Removing gd32e23x_timer.o(.ARM.exidx.text.timer_internal_trigger_as_external_clock_config), (8 bytes).
    Removing gd32e23x_timer.o(.text.timer_external_trigger_as_external_clock_config), (242 bytes).
    Removing gd32e23x_timer.o(.ARM.exidx.text.timer_external_trigger_as_external_clock_config), (8 bytes).
    Removing gd32e23x_timer.o(.text.timer_external_clock_mode0_config), (62 bytes).
    Removing gd32e23x_timer.o(.ARM.exidx.text.timer_external_clock_mode0_config), (8 bytes).
    Removing gd32e23x_timer.o(.text.timer_external_clock_mode1_config), (56 bytes).
    Removing gd32e23x_timer.o(.ARM.exidx.text.timer_external_clock_mode1_config), (8 bytes).
    Removing gd32e23x_timer.o(.text.timer_external_clock_mode1_disable), (24 bytes).
    Removing gd32e23x_timer.o(.ARM.exidx.text.timer_external_clock_mode1_disable), (8 bytes).
    Removing gd32e23x_timer.o(.text.timer_channel_remap_config), (24 bytes).
    Removing gd32e23x_timer.o(.ARM.exidx.text.timer_channel_remap_config), (8 bytes).
    Removing gd32e23x_timer.o(.text.timer_write_chxval_register_config), (70 bytes).
    Removing gd32e23x_timer.o(.ARM.exidx.text.timer_write_chxval_register_config), (8 bytes).
    Removing gd32e23x_timer.o(.text.timer_output_value_selection_config), (70 bytes).
    Removing gd32e23x_timer.o(.ARM.exidx.text.timer_output_value_selection_config), (8 bytes).
    Removing gd32e23x_usart.o(.text), (0 bytes).
    Removing gd32e23x_usart.o(.text.usart_deinit), (88 bytes).
    Removing gd32e23x_usart.o(.ARM.exidx.text.usart_deinit), (8 bytes).
    Removing gd32e23x_usart.o(.text.usart_baudrate_set), (192 bytes).
    Removing gd32e23x_usart.o(.ARM.exidx.text.usart_baudrate_set), (8 bytes).
    Removing gd32e23x_usart.o(.text.usart_parity_config), (52 bytes).
    Removing gd32e23x_usart.o(.ARM.exidx.text.usart_parity_config), (8 bytes).
    Removing gd32e23x_usart.o(.text.usart_word_length_set), (52 bytes).
    Removing gd32e23x_usart.o(.ARM.exidx.text.usart_word_length_set), (8 bytes).
    Removing gd32e23x_usart.o(.text.usart_stop_bit_set), (52 bytes).
    Removing gd32e23x_usart.o(.ARM.exidx.text.usart_stop_bit_set), (8 bytes).
    Removing gd32e23x_usart.o(.text.usart_enable), (22 bytes).
    Removing gd32e23x_usart.o(.ARM.exidx.text.usart_enable), (8 bytes).
    Removing gd32e23x_usart.o(.text.usart_disable), (22 bytes).
    Removing gd32e23x_usart.o(.ARM.exidx.text.usart_disable), (8 bytes).
    Removing gd32e23x_usart.o(.text.usart_transmit_config), (40 bytes).
    Removing gd32e23x_usart.o(.ARM.exidx.text.usart_transmit_config), (8 bytes).
    Removing gd32e23x_usart.o(.text.usart_receive_config), (40 bytes).
    Removing gd32e23x_usart.o(.ARM.exidx.text.usart_receive_config), (8 bytes).
    Removing gd32e23x_usart.o(.text.usart_data_first_config), (52 bytes).
    Removing gd32e23x_usart.o(.ARM.exidx.text.usart_data_first_config), (8 bytes).
    Removing gd32e23x_usart.o(.text.usart_invert_config), (198 bytes).
    Removing gd32e23x_usart.o(.ARM.exidx.text.usart_invert_config), (8 bytes).
    Removing gd32e23x_usart.o(.text.usart_overrun_enable), (34 bytes).
    Removing gd32e23x_usart.o(.ARM.exidx.text.usart_overrun_enable), (8 bytes).
    Removing gd32e23x_usart.o(.text.usart_overrun_disable), (34 bytes).
    Removing gd32e23x_usart.o(.ARM.exidx.text.usart_overrun_disable), (8 bytes).
    Removing gd32e23x_usart.o(.text.usart_oversample_config), (52 bytes).
    Removing gd32e23x_usart.o(.ARM.exidx.text.usart_oversample_config), (8 bytes).
    Removing gd32e23x_usart.o(.text.usart_sample_bit_config), (52 bytes).
    Removing gd32e23x_usart.o(.ARM.exidx.text.usart_sample_bit_config), (8 bytes).
    Removing gd32e23x_usart.o(.text.usart_receiver_timeout_enable), (24 bytes).
    Removing gd32e23x_usart.o(.ARM.exidx.text.usart_receiver_timeout_enable), (8 bytes).
    Removing gd32e23x_usart.o(.text.usart_receiver_timeout_disable), (24 bytes).
    Removing gd32e23x_usart.o(.ARM.exidx.text.usart_receiver_timeout_disable), (8 bytes).
    Removing gd32e23x_usart.o(.text.usart_receiver_timeout_threshold_config), (42 bytes).
    Removing gd32e23x_usart.o(.ARM.exidx.text.usart_receiver_timeout_threshold_config), (8 bytes).
    Removing gd32e23x_usart.o(.text.usart_data_transmit), (32 bytes).
    Removing gd32e23x_usart.o(.ARM.exidx.text.usart_data_transmit), (8 bytes).
    Removing gd32e23x_usart.o(.text.usart_data_receive), (24 bytes).
    Removing gd32e23x_usart.o(.ARM.exidx.text.usart_data_receive), (8 bytes).
    Removing gd32e23x_usart.o(.text.usart_autobaud_detection_enable), (24 bytes).
    Removing gd32e23x_usart.o(.ARM.exidx.text.usart_autobaud_detection_enable), (8 bytes).
    Removing gd32e23x_usart.o(.text.usart_autobaud_detection_disable), (24 bytes).
    Removing gd32e23x_usart.o(.ARM.exidx.text.usart_autobaud_detection_disable), (8 bytes).
    Removing gd32e23x_usart.o(.text.usart_autobaud_detection_mode_config), (42 bytes).
    Removing gd32e23x_usart.o(.ARM.exidx.text.usart_autobaud_detection_mode_config), (8 bytes).
    Removing gd32e23x_usart.o(.text.usart_address_config), (56 bytes).
    Removing gd32e23x_usart.o(.ARM.exidx.text.usart_address_config), (8 bytes).
    Removing gd32e23x_usart.o(.text.usart_address_detection_mode_config), (52 bytes).
    Removing gd32e23x_usart.o(.ARM.exidx.text.usart_address_detection_mode_config), (8 bytes).
    Removing gd32e23x_usart.o(.text.usart_mute_mode_enable), (24 bytes).
    Removing gd32e23x_usart.o(.ARM.exidx.text.usart_mute_mode_enable), (8 bytes).
    Removing gd32e23x_usart.o(.text.usart_mute_mode_disable), (24 bytes).
    Removing gd32e23x_usart.o(.ARM.exidx.text.usart_mute_mode_disable), (8 bytes).
    Removing gd32e23x_usart.o(.text.usart_mute_mode_wakeup_config), (52 bytes).
    Removing gd32e23x_usart.o(.ARM.exidx.text.usart_mute_mode_wakeup_config), (8 bytes).
    Removing gd32e23x_usart.o(.text.usart_lin_mode_enable), (34 bytes).
    Removing gd32e23x_usart.o(.ARM.exidx.text.usart_lin_mode_enable), (8 bytes).
    Removing gd32e23x_usart.o(.text.usart_lin_mode_disable), (34 bytes).
    Removing gd32e23x_usart.o(.ARM.exidx.text.usart_lin_mode_disable), (8 bytes).
    Removing gd32e23x_usart.o(.text.usart_lin_break_detection_length_config), (52 bytes).
    Removing gd32e23x_usart.o(.ARM.exidx.text.usart_lin_break_detection_length_config), (8 bytes).
    Removing gd32e23x_usart.o(.text.usart_halfduplex_enable), (32 bytes).
    Removing gd32e23x_usart.o(.ARM.exidx.text.usart_halfduplex_enable), (8 bytes).
    Removing gd32e23x_usart.o(.text.usart_halfduplex_disable), (32 bytes).
    Removing gd32e23x_usart.o(.ARM.exidx.text.usart_halfduplex_disable), (8 bytes).
    Removing gd32e23x_usart.o(.text.usart_clock_enable), (34 bytes).
    Removing gd32e23x_usart.o(.ARM.exidx.text.usart_clock_enable), (8 bytes).
    Removing gd32e23x_usart.o(.text.usart_clock_disable), (34 bytes).
    Removing gd32e23x_usart.o(.ARM.exidx.text.usart_clock_disable), (8 bytes).
    Removing gd32e23x_usart.o(.text.usart_synchronous_clock_config), (102 bytes).
    Removing gd32e23x_usart.o(.ARM.exidx.text.usart_synchronous_clock_config), (8 bytes).
    Removing gd32e23x_usart.o(.text.usart_guard_time_config), (56 bytes).
    Removing gd32e23x_usart.o(.ARM.exidx.text.usart_guard_time_config), (8 bytes).
    Removing gd32e23x_usart.o(.text.usart_smartcard_mode_enable), (32 bytes).
    Removing gd32e23x_usart.o(.ARM.exidx.text.usart_smartcard_mode_enable), (8 bytes).
    Removing gd32e23x_usart.o(.text.usart_smartcard_mode_disable), (32 bytes).
    Removing gd32e23x_usart.o(.ARM.exidx.text.usart_smartcard_mode_disable), (8 bytes).
    Removing gd32e23x_usart.o(.text.usart_smartcard_mode_nack_enable), (32 bytes).
    Removing gd32e23x_usart.o(.ARM.exidx.text.usart_smartcard_mode_nack_enable), (8 bytes).
    Removing gd32e23x_usart.o(.text.usart_smartcard_mode_nack_disable), (32 bytes).
    Removing gd32e23x_usart.o(.ARM.exidx.text.usart_smartcard_mode_nack_disable), (8 bytes).
    Removing gd32e23x_usart.o(.text.usart_smartcard_mode_early_nack_enable), (26 bytes).
    Removing gd32e23x_usart.o(.ARM.exidx.text.usart_smartcard_mode_early_nack_enable), (8 bytes).
    Removing gd32e23x_usart.o(.text.usart_smartcard_mode_early_nack_disable), (26 bytes).
    Removing gd32e23x_usart.o(.ARM.exidx.text.usart_smartcard_mode_early_nack_disable), (8 bytes).
    Removing gd32e23x_usart.o(.text.usart_smartcard_autoretry_config), (56 bytes).
    Removing gd32e23x_usart.o(.ARM.exidx.text.usart_smartcard_autoretry_config), (8 bytes).
    Removing gd32e23x_usart.o(.text.usart_block_length_config), (44 bytes).
    Removing gd32e23x_usart.o(.ARM.exidx.text.usart_block_length_config), (8 bytes).
    Removing gd32e23x_usart.o(.text.usart_irda_mode_enable), (32 bytes).
    Removing gd32e23x_usart.o(.ARM.exidx.text.usart_irda_mode_enable), (8 bytes).
    Removing gd32e23x_usart.o(.text.usart_irda_mode_disable), (32 bytes).
    Removing gd32e23x_usart.o(.ARM.exidx.text.usart_irda_mode_disable), (8 bytes).
    Removing gd32e23x_usart.o(.text.usart_prescaler_config), (50 bytes).
    Removing gd32e23x_usart.o(.ARM.exidx.text.usart_prescaler_config), (8 bytes).
    Removing gd32e23x_usart.o(.text.usart_irda_lowpower_config), (52 bytes).
    Removing gd32e23x_usart.o(.ARM.exidx.text.usart_irda_lowpower_config), (8 bytes).
    Removing gd32e23x_usart.o(.text.usart_hardware_flow_rts_config), (52 bytes).
    Removing gd32e23x_usart.o(.ARM.exidx.text.usart_hardware_flow_rts_config), (8 bytes).
    Removing gd32e23x_usart.o(.text.usart_hardware_flow_cts_config), (52 bytes).
    Removing gd32e23x_usart.o(.ARM.exidx.text.usart_hardware_flow_cts_config), (8 bytes).
    Removing gd32e23x_usart.o(.text.usart_hardware_flow_coherence_config), (44 bytes).
    Removing gd32e23x_usart.o(.ARM.exidx.text.usart_hardware_flow_coherence_config), (8 bytes).
    Removing gd32e23x_usart.o(.text.usart_rs485_driver_enable), (34 bytes).
    Removing gd32e23x_usart.o(.ARM.exidx.text.usart_rs485_driver_enable), (8 bytes).
    Removing gd32e23x_usart.o(.text.usart_rs485_driver_disable), (34 bytes).
    Removing gd32e23x_usart.o(.ARM.exidx.text.usart_rs485_driver_disable), (8 bytes).
    Removing gd32e23x_usart.o(.text.usart_driver_assertime_config), (56 bytes).
    Removing gd32e23x_usart.o(.ARM.exidx.text.usart_driver_assertime_config), (8 bytes).
    Removing gd32e23x_usart.o(.text.usart_driver_deassertime_config), (56 bytes).
    Removing gd32e23x_usart.o(.ARM.exidx.text.usart_driver_deassertime_config), (8 bytes).
    Removing gd32e23x_usart.o(.text.usart_depolarity_config), (54 bytes).
    Removing gd32e23x_usart.o(.ARM.exidx.text.usart_depolarity_config), (8 bytes).
    Removing gd32e23x_usart.o(.text.usart_dma_receive_config), (40 bytes).
    Removing gd32e23x_usart.o(.ARM.exidx.text.usart_dma_receive_config), (8 bytes).
    Removing gd32e23x_usart.o(.text.usart_dma_transmit_config), (40 bytes).
    Removing gd32e23x_usart.o(.ARM.exidx.text.usart_dma_transmit_config), (8 bytes).
    Removing gd32e23x_usart.o(.text.usart_reception_error_dma_disable), (34 bytes).
    Removing gd32e23x_usart.o(.ARM.exidx.text.usart_reception_error_dma_disable), (8 bytes).
    Removing gd32e23x_usart.o(.text.usart_reception_error_dma_enable), (34 bytes).
    Removing gd32e23x_usart.o(.ARM.exidx.text.usart_reception_error_dma_enable), (8 bytes).
    Removing gd32e23x_usart.o(.text.usart_wakeup_enable), (22 bytes).
    Removing gd32e23x_usart.o(.ARM.exidx.text.usart_wakeup_enable), (8 bytes).
    Removing gd32e23x_usart.o(.text.usart_wakeup_disable), (22 bytes).
    Removing gd32e23x_usart.o(.ARM.exidx.text.usart_wakeup_disable), (8 bytes).
    Removing gd32e23x_usart.o(.text.usart_wakeup_mode_config), (54 bytes).
    Removing gd32e23x_usart.o(.ARM.exidx.text.usart_wakeup_mode_config), (8 bytes).
    Removing gd32e23x_usart.o(.text.usart_receive_fifo_enable), (28 bytes).
    Removing gd32e23x_usart.o(.ARM.exidx.text.usart_receive_fifo_enable), (8 bytes).
    Removing gd32e23x_usart.o(.text.usart_receive_fifo_disable), (28 bytes).
    Removing gd32e23x_usart.o(.ARM.exidx.text.usart_receive_fifo_disable), (8 bytes).
    Removing gd32e23x_usart.o(.text.usart_receive_fifo_counter_number), (26 bytes).
    Removing gd32e23x_usart.o(.ARM.exidx.text.usart_receive_fifo_counter_number), (8 bytes).
    Removing gd32e23x_usart.o(.text.usart_flag_get), (66 bytes).
    Removing gd32e23x_usart.o(.ARM.exidx.text.usart_flag_get), (8 bytes).
    Removing gd32e23x_usart.o(.text.usart_flag_clear), (40 bytes).
    Removing gd32e23x_usart.o(.ARM.exidx.text.usart_flag_clear), (8 bytes).
    Removing gd32e23x_usart.o(.text.usart_interrupt_enable), (44 bytes).
    Removing gd32e23x_usart.o(.ARM.exidx.text.usart_interrupt_enable), (8 bytes).
    Removing gd32e23x_usart.o(.text.usart_interrupt_disable), (44 bytes).
    Removing gd32e23x_usart.o(.ARM.exidx.text.usart_interrupt_disable), (8 bytes).
    Removing gd32e23x_usart.o(.text.usart_command_enable), (30 bytes).
    Removing gd32e23x_usart.o(.ARM.exidx.text.usart_command_enable), (8 bytes).
    Removing gd32e23x_usart.o(.text.usart_interrupt_flag_get), (110 bytes).
    Removing gd32e23x_usart.o(.ARM.exidx.text.usart_interrupt_flag_get), (8 bytes).
    Removing gd32e23x_usart.o(.text.usart_interrupt_flag_clear), (72 bytes).
    Removing gd32e23x_usart.o(.ARM.exidx.text.usart_interrupt_flag_clear), (8 bytes).
    Removing gd32e23x_wwdgt.o(.text), (0 bytes).
    Removing gd32e23x_wwdgt.o(.text.wwdgt_deinit), (28 bytes).
    Removing gd32e23x_wwdgt.o(.ARM.exidx.text.wwdgt_deinit), (8 bytes).
    Removing gd32e23x_wwdgt.o(.text.wwdgt_enable), (16 bytes).
    Removing gd32e23x_wwdgt.o(.ARM.exidx.text.wwdgt_enable), (8 bytes).
    Removing gd32e23x_wwdgt.o(.text.wwdgt_counter_update), (48 bytes).
    Removing gd32e23x_wwdgt.o(.ARM.exidx.text.wwdgt_counter_update), (8 bytes).
    Removing gd32e23x_wwdgt.o(.text.wwdgt_config), (112 bytes).
    Removing gd32e23x_wwdgt.o(.ARM.exidx.text.wwdgt_config), (8 bytes).
    Removing gd32e23x_wwdgt.o(.text.wwdgt_interrupt_enable), (20 bytes).
    Removing gd32e23x_wwdgt.o(.ARM.exidx.text.wwdgt_interrupt_enable), (8 bytes).
    Removing gd32e23x_wwdgt.o(.text.wwdgt_flag_get), (44 bytes).
    Removing gd32e23x_wwdgt.o(.ARM.exidx.text.wwdgt_flag_get), (8 bytes).
    Removing gd32e23x_wwdgt.o(.text.wwdgt_flag_clear), (16 bytes).
    Removing gd32e23x_wwdgt.o(.ARM.exidx.text.wwdgt_flag_clear), (8 bytes).
    Removing startup_gd32e23x.o(HEAP), (1024 bytes).
    Removing gd32e230c_eval.o(.text), (0 bytes).
    Removing gd32e230c_eval.o(.ARM.exidx.text.gd_eval_led_init), (8 bytes).
    Removing gd32e230c_eval.o(.ARM.exidx.text.gd_eval_led_on), (8 bytes).
    Removing gd32e230c_eval.o(.ARM.exidx.text.gd_eval_led_off), (8 bytes).
    Removing gd32e230c_eval.o(.ARM.exidx.text.gd_eval_led_toggle), (8 bytes).
    Removing gd32e230c_eval.o(.ARM.exidx.text.gd_eval_key_init), (8 bytes).
    Removing gd32e230c_eval.o(.text.gd_eval_key_state_get), (48 bytes).
    Removing gd32e230c_eval.o(.ARM.exidx.text.gd_eval_key_state_get), (8 bytes).
    Removing gd32e230c_eval.o(.text.gd_eval_com_init), (220 bytes).
    Removing gd32e230c_eval.o(.ARM.exidx.text.gd_eval_com_init), (8 bytes).
    Removing gd32e230c_eval.o(.rodata.COM_CLK), (2 bytes).
    Removing gd32e230c_eval.o(.rodata.COM_TX_PIN), (4 bytes).
    Removing gd32e230c_eval.o(.rodata.COM_RX_PIN), (4 bytes).

1028 unused section(s) (total 35870 bytes) removed from the image.

==============================================================================

Image Symbol Table

    Local Symbols

    Symbol Name                              Value     Ov Type        Size  Object(Section)

    ../clib/microlib/init/entry.s            0x00000000   Number         0  entry.o ABSOLUTE
    ../clib/microlib/init/entry.s            0x00000000   Number         0  entry2.o ABSOLUTE
    ../clib/microlib/init/entry.s            0x00000000   Number         0  entry5.o ABSOLUTE
    ../clib/microlib/init/entry.s            0x00000000   Number         0  entry7a.o ABSOLUTE
    ../clib/microlib/init/entry.s            0x00000000   Number         0  entry7b.o ABSOLUTE
    ../clib/microlib/init/entry.s            0x00000000   Number         0  entry8a.o ABSOLUTE
    ../clib/microlib/init/entry.s            0x00000000   Number         0  entry8b.o ABSOLUTE
    ../clib/microlib/init/entry.s            0x00000000   Number         0  entry9a.o ABSOLUTE
    ../clib/microlib/init/entry.s            0x00000000   Number         0  entry9b.o ABSOLUTE
    ../clib/microlib/init/entry.s            0x00000000   Number         0  entry10a.o ABSOLUTE
    ../clib/microlib/init/entry.s            0x00000000   Number         0  entry10b.o ABSOLUTE
    ../clib/microlib/init/entry.s            0x00000000   Number         0  entry11a.o ABSOLUTE
    ../clib/microlib/init/entry.s            0x00000000   Number         0  entry11b.o ABSOLUTE
    ..\..\Firmware\CMSIS\GD\GD32E23x\Source\ARM\startup_gd32e23x.s 0x00000000   Number         0  startup_gd32e23x.o ABSOLUTE
    dc.s                                     0x00000000   Number         0  dc.o ABSOLUTE
    gd32e230c_eval.c                         0x00000000   Number         0  gd32e230c_eval.o ABSOLUTE
    gd32e23x_adc.c                           0x00000000   Number         0  gd32e23x_adc.o ABSOLUTE
    gd32e23x_cmp.c                           0x00000000   Number         0  gd32e23x_cmp.o ABSOLUTE
    gd32e23x_crc.c                           0x00000000   Number         0  gd32e23x_crc.o ABSOLUTE
    gd32e23x_dbg.c                           0x00000000   Number         0  gd32e23x_dbg.o ABSOLUTE
    gd32e23x_dma.c                           0x00000000   Number         0  gd32e23x_dma.o ABSOLUTE
    gd32e23x_exti.c                          0x00000000   Number         0  gd32e23x_exti.o ABSOLUTE
    gd32e23x_fmc.c                           0x00000000   Number         0  gd32e23x_fmc.o ABSOLUTE
    gd32e23x_fwdgt.c                         0x00000000   Number         0  gd32e23x_fwdgt.o ABSOLUTE
    gd32e23x_gpio.c                          0x00000000   Number         0  gd32e23x_gpio.o ABSOLUTE
    gd32e23x_i2c.c                           0x00000000   Number         0  gd32e23x_i2c.o ABSOLUTE
    gd32e23x_it.c                            0x00000000   Number         0  gd32e23x_it.o ABSOLUTE
    gd32e23x_misc.c                          0x00000000   Number         0  gd32e23x_misc.o ABSOLUTE
    gd32e23x_pmu.c                           0x00000000   Number         0  gd32e23x_pmu.o ABSOLUTE
    gd32e23x_rcu.c                           0x00000000   Number         0  gd32e23x_rcu.o ABSOLUTE
    gd32e23x_rtc.c                           0x00000000   Number         0  gd32e23x_rtc.o ABSOLUTE
    gd32e23x_spi.c                           0x00000000   Number         0  gd32e23x_spi.o ABSOLUTE
    gd32e23x_syscfg.c                        0x00000000   Number         0  gd32e23x_syscfg.o ABSOLUTE
    gd32e23x_timer.c                         0x00000000   Number         0  gd32e23x_timer.o ABSOLUTE
    gd32e23x_usart.c                         0x00000000   Number         0  gd32e23x_usart.o ABSOLUTE
    gd32e23x_wwdgt.c                         0x00000000   Number         0  gd32e23x_wwdgt.o ABSOLUTE
    handlers.s                               0x00000000   Number         0  handlers.o ABSOLUTE
    init.s                                   0x00000000   Number         0  init.o ABSOLUTE
    main.c                                   0x00000000   Number         0  main.o ABSOLUTE
    system_gd32e23x.c                        0x00000000   Number         0  system_gd32e23x.o ABSOLUTE
    systick.c                                0x00000000   Number         0  systick.o ABSOLUTE
    RESET                                    0x08000000   Section      204  startup_gd32e23x.o(RESET)
    .ARM.Collect$$$$00000000                 0x080000cc   Section        0  entry.o(.ARM.Collect$$$$00000000)
    .ARM.Collect$$$$00000001                 0x080000cc   Section        4  entry2.o(.ARM.Collect$$$$00000001)
    .ARM.Collect$$$$00000004                 0x080000d0   Section        4  entry5.o(.ARM.Collect$$$$00000004)
    .ARM.Collect$$$$00000008                 0x080000d4   Section        0  entry7b.o(.ARM.Collect$$$$00000008)
    .ARM.Collect$$$$0000000A                 0x080000d4   Section        0  entry8b.o(.ARM.Collect$$$$0000000A)
    .ARM.Collect$$$$0000000B                 0x080000d4   Section        8  entry9a.o(.ARM.Collect$$$$0000000B)
    __lit__00000000                          0x080000dc   Data           4  entry2.o(.ARM.Collect$$$$00002712)
    .ARM.Collect$$$$0000000D                 0x080000dc   Section        0  entry10a.o(.ARM.Collect$$$$0000000D)
    .ARM.Collect$$$$0000000F                 0x080000dc   Section        0  entry11a.o(.ARM.Collect$$$$0000000F)
    .ARM.Collect$$$$00002712                 0x080000dc   Section        4  entry2.o(.ARM.Collect$$$$00002712)
    .text                                    0x080000e0   Section       28  startup_gd32e23x.o(.text)
    .text                                    0x080000fc   Section       36  init.o(.text)
    [Anonymous Symbol]                       0x08000120   Section        0  gd32e23x_it.o(.text.EXTI4_15_IRQHandler)
    [Anonymous Symbol]                       0x0800013c   Section        0  gd32e23x_it.o(.text.HardFault_Handler)
    [Anonymous Symbol]                       0x08000140   Section        0  gd32e23x_it.o(.text.NMI_Handler)
    [Anonymous Symbol]                       0x08000142   Section        0  gd32e23x_it.o(.text.PendSV_Handler)
    [Anonymous Symbol]                       0x08000144   Section        0  gd32e23x_it.o(.text.RTC_IRQHandler)
    [Anonymous Symbol]                       0x08000168   Section        0  gd32e23x_it.o(.text.SVC_Handler)
    SysTick_Config                           0x0800016d   Thumb Code    88  systick.o(.text.SysTick_Config)
    [Anonymous Symbol]                       0x0800016c   Section        0  systick.o(.text.SysTick_Config)
    __arm_cp.1_0                             0x080001b8   Number         4  systick.o(.text.SysTick_Config)
    __arm_cp.1_1                             0x080001bc   Number         4  systick.o(.text.SysTick_Config)
    __arm_cp.1_2                             0x080001c0   Number         4  systick.o(.text.SysTick_Config)
    [Anonymous Symbol]                       0x080001c4   Section        0  gd32e23x_it.o(.text.SysTick_Handler)
    [Anonymous Symbol]                       0x080001cc   Section        0  system_gd32e23x.o(.text.SystemInit)
    __arm_cp.0_0                             0x08000254   Number         4  system_gd32e23x.o(.text.SystemInit)
    __arm_cp.0_1                             0x08000258   Number         4  system_gd32e23x.o(.text.SystemInit)
    __arm_cp.0_2                             0x0800025c   Number         4  system_gd32e23x.o(.text.SystemInit)
    __arm_cp.0_3                             0x08000260   Number         4  system_gd32e23x.o(.text.SystemInit)
    __arm_cp.0_4                             0x08000264   Number         4  system_gd32e23x.o(.text.SystemInit)
    __arm_cp.0_5                             0x08000268   Number         4  system_gd32e23x.o(.text.SystemInit)
    __arm_cp.0_6                             0x0800026c   Number         4  system_gd32e23x.o(.text.SystemInit)
    __arm_cp.0_7                             0x08000270   Number         4  system_gd32e23x.o(.text.SystemInit)
    __arm_cp.0_8                             0x08000274   Number         4  system_gd32e23x.o(.text.SystemInit)
    __NVIC_EnableIRQ                         0x08000279   Thumb Code    56  gd32e23x_misc.o(.text.__NVIC_EnableIRQ)
    [Anonymous Symbol]                       0x08000278   Section        0  gd32e23x_misc.o(.text.__NVIC_EnableIRQ)
    __arm_cp.2_0                             0x080002ac   Number         4  gd32e23x_misc.o(.text.__NVIC_EnableIRQ)
    __NVIC_SetPriority                       0x080002b1   Thumb Code   140  systick.o(.text.__NVIC_SetPriority)
    [Anonymous Symbol]                       0x080002b0   Section        0  systick.o(.text.__NVIC_SetPriority)
    __NVIC_SetPriority                       0x08000335   Thumb Code   140  gd32e23x_misc.o(.text.__NVIC_SetPriority)
    [Anonymous Symbol]                       0x08000334   Section        0  gd32e23x_misc.o(.text.__NVIC_SetPriority)
    __arm_cp.1_0                             0x080003b8   Number         4  gd32e23x_misc.o(.text.__NVIC_SetPriority)
    __arm_cp.1_1                             0x080003bc   Number         4  gd32e23x_misc.o(.text.__NVIC_SetPriority)
    [Anonymous Symbol]                       0x080003c0   Section        0  systick.o(.text.delay_1ms)
    [Anonymous Symbol]                       0x080003e0   Section        0  systick.o(.text.delay_decrement)
    __arm_cp.4_0                             0x080003f8   Number         4  systick.o(.text.delay_decrement)
    [Anonymous Symbol]                       0x080003fc   Section        0  gd32e23x_exti.o(.text.exti_flag_clear)
    [Anonymous Symbol]                       0x08000410   Section        0  gd32e23x_exti.o(.text.exti_init)
    __arm_cp.1_1                             0x080004f0   Number         4  gd32e23x_exti.o(.text.exti_init)
    __arm_cp.1_2                             0x080004f4   Number         4  gd32e23x_exti.o(.text.exti_init)
    __arm_cp.1_3                             0x080004f8   Number         4  gd32e23x_exti.o(.text.exti_init)
    [Anonymous Symbol]                       0x080004fc   Section        0  gd32e23x_exti.o(.text.exti_interrupt_enable)
    __arm_cp.2_0                             0x08000514   Number         4  gd32e23x_exti.o(.text.exti_interrupt_enable)
    [Anonymous Symbol]                       0x08000518   Section        0  gd32e23x_exti.o(.text.exti_interrupt_flag_clear)
    [Anonymous Symbol]                       0x0800052c   Section        0  gd32e23x_exti.o(.text.exti_interrupt_flag_get)
    __arm_cp.10_0                            0x08000558   Number         4  gd32e23x_exti.o(.text.exti_interrupt_flag_get)
    [Anonymous Symbol]                       0x0800055c   Section        0  gd32e230c_eval.o(.text.gd_eval_key_init)
    __arm_cp.4_0                             0x080005fc   Number         4  gd32e230c_eval.o(.text.gd_eval_key_init)
    __arm_cp.4_1                             0x08000600   Number         4  gd32e230c_eval.o(.text.gd_eval_key_init)
    __arm_cp.4_2                             0x08000604   Number         4  gd32e230c_eval.o(.text.gd_eval_key_init)
    __arm_cp.4_3                             0x08000608   Number         4  gd32e230c_eval.o(.text.gd_eval_key_init)
    __arm_cp.4_4                             0x0800060c   Number         4  gd32e230c_eval.o(.text.gd_eval_key_init)
    __arm_cp.4_5                             0x08000610   Number         4  gd32e230c_eval.o(.text.gd_eval_key_init)
    __arm_cp.4_6                             0x08000614   Number         4  gd32e230c_eval.o(.text.gd_eval_key_init)
    [Anonymous Symbol]                       0x08000618   Section        0  gd32e230c_eval.o(.text.gd_eval_led_init)
    __arm_cp.0_0                             0x08000684   Number         4  gd32e230c_eval.o(.text.gd_eval_led_init)
    [Anonymous Symbol]                       0x08000688   Section        0  gd32e230c_eval.o(.text.gd_eval_led_off)
    [Anonymous Symbol]                       0x080006a4   Section        0  gd32e230c_eval.o(.text.gd_eval_led_on)
    [Anonymous Symbol]                       0x080006c0   Section        0  gd32e230c_eval.o(.text.gd_eval_led_toggle)
    __arm_cp.3_0                             0x080006dc   Number         4  gd32e230c_eval.o(.text.gd_eval_led_toggle)
    __arm_cp.3_1                             0x080006e0   Number         4  gd32e230c_eval.o(.text.gd_eval_led_toggle)
    [Anonymous Symbol]                       0x080006e4   Section        0  gd32e23x_gpio.o(.text.gpio_input_bit_get)
    [Anonymous Symbol]                       0x08000716   Section        0  gd32e23x_gpio.o(.text.gpio_mode_set)
    [Anonymous Symbol]                       0x080007b8   Section        0  gd32e23x_gpio.o(.text.gpio_output_options_set)
    [Anonymous Symbol]                       0x08000854   Section        0  main.o(.text.key_config)
    [Anonymous Symbol]                       0x08000870   Section        0  main.o(.text.led_config)
    [Anonymous Symbol]                       0x08000880   Section        0  main.o(.text.main)
    [Anonymous Symbol]                       0x080008de   Section        0  main.o(.text.nvic_configuration)
    [Anonymous Symbol]                       0x080008f0   Section        0  gd32e23x_misc.o(.text.nvic_irq_enable)
    [Anonymous Symbol]                       0x08000924   Section        0  gd32e23x_misc.o(.text.nvic_vector_table_set)
    __arm_cp.7_0                             0x08000948   Number         4  gd32e23x_misc.o(.text.nvic_vector_table_set)
    __arm_cp.7_1                             0x0800094c   Number         4  gd32e23x_misc.o(.text.nvic_vector_table_set)
    [Anonymous Symbol]                       0x08000950   Section        0  gd32e23x_pmu.o(.text.pmu_backup_write_enable)
    [Anonymous Symbol]                       0x08000960   Section        0  gd32e23x_pmu.o(.text.pmu_to_deepsleepmode)
    __arm_cp.5_0                             0x080009b0   Number         4  gd32e23x_pmu.o(.text.pmu_to_deepsleepmode)
    __arm_cp.5_1                             0x080009b4   Number         4  gd32e23x_pmu.o(.text.pmu_to_deepsleepmode)
    [Anonymous Symbol]                       0x080009b8   Section        0  gd32e23x_rcu.o(.text.rcu_flag_get)
    [Anonymous Symbol]                       0x080009f4   Section        0  gd32e23x_rcu.o(.text.rcu_osci_on)
    [Anonymous Symbol]                       0x08000a1c   Section        0  gd32e23x_rcu.o(.text.rcu_osci_stab_wait)
    __arm_cp.27_0                            0x08000c60   Number         4  gd32e23x_rcu.o(.text.rcu_osci_stab_wait)
    __arm_cp.27_1                            0x08000c64   Number         4  gd32e23x_rcu.o(.text.rcu_osci_stab_wait)
    __arm_cp.27_2                            0x08000c68   Number         4  gd32e23x_rcu.o(.text.rcu_osci_stab_wait)
    __arm_cp.27_3                            0x08000c6c   Number         4  gd32e23x_rcu.o(.text.rcu_osci_stab_wait)
    __arm_cp.27_4                            0x08000c70   Number         4  gd32e23x_rcu.o(.text.rcu_osci_stab_wait)
    __arm_cp.27_5                            0x08000c74   Number         4  gd32e23x_rcu.o(.text.rcu_osci_stab_wait)
    [Anonymous Symbol]                       0x08000c78   Section        0  gd32e23x_rcu.o(.text.rcu_periph_clock_enable)
    __arm_cp.1_0                             0x08000ca0   Number         4  gd32e23x_rcu.o(.text.rcu_periph_clock_enable)
    [Anonymous Symbol]                       0x08000ca4   Section        0  gd32e23x_rcu.o(.text.rcu_rtc_clock_config)
    __arm_cp.18_0                            0x08000cc4   Number         4  gd32e23x_rcu.o(.text.rcu_rtc_clock_config)
    [Anonymous Symbol]                       0x08000cc8   Section        0  gd32e23x_rtc.o(.text.rtc_alarm_config)
    __arm_cp.7_1                             0x08000d1c   Number         4  gd32e23x_rtc.o(.text.rtc_alarm_config)
    [Anonymous Symbol]                       0x08000d20   Section        0  gd32e23x_rtc.o(.text.rtc_alarm_disable)
    [Anonymous Symbol]                       0x08000d98   Section        0  gd32e23x_rtc.o(.text.rtc_alarm_enable)
    [Anonymous Symbol]                       0x08000db4   Section        0  main.o(.text.rtc_configuration)
    __arm_cp.4_0                             0x08000e6c   Number         4  main.o(.text.rtc_configuration)
    __arm_cp.4_1                             0x08000e70   Number         4  main.o(.text.rtc_configuration)
    __arm_cp.4_2                             0x08000e74   Number         4  main.o(.text.rtc_configuration)
    [Anonymous Symbol]                       0x08000e78   Section        0  gd32e23x_rtc.o(.text.rtc_flag_clear)
    [Anonymous Symbol]                       0x08000e90   Section        0  gd32e23x_rtc.o(.text.rtc_flag_get)
    [Anonymous Symbol]                       0x08000ebc   Section        0  gd32e23x_rtc.o(.text.rtc_init)
    __arm_cp.3_1                             0x08000f78   Number         4  gd32e23x_rtc.o(.text.rtc_init)
    __arm_cp.3_2                             0x08000f7c   Number         4  gd32e23x_rtc.o(.text.rtc_init)
    __arm_cp.3_3                             0x08000f80   Number         4  gd32e23x_rtc.o(.text.rtc_init)
    __arm_cp.3_4                             0x08000f84   Number         4  gd32e23x_rtc.o(.text.rtc_init)
    [Anonymous Symbol]                       0x08000f88   Section        0  gd32e23x_rtc.o(.text.rtc_init_mode_enter)
    [Anonymous Symbol]                       0x08001004   Section        0  gd32e23x_rtc.o(.text.rtc_init_mode_exit)
    [Anonymous Symbol]                       0x08001010   Section        0  gd32e23x_rtc.o(.text.rtc_interrupt_enable)
    __arm_cp.19_0                            0x08001048   Number         4  gd32e23x_rtc.o(.text.rtc_interrupt_enable)
    __arm_cp.19_2                            0x0800104c   Number         4  gd32e23x_rtc.o(.text.rtc_interrupt_enable)
    [Anonymous Symbol]                       0x08001050   Section        0  gd32e23x_rtc.o(.text.rtc_register_sync_wait)
    __arm_cp.2_0                             0x080010dc   Number         4  gd32e23x_rtc.o(.text.rtc_register_sync_wait)
    __arm_cp.2_1                             0x080010e0   Number         4  gd32e23x_rtc.o(.text.rtc_register_sync_wait)
    __arm_cp.2_2                             0x080010e4   Number         4  gd32e23x_rtc.o(.text.rtc_register_sync_wait)
    [Anonymous Symbol]                       0x080010e8   Section        0  gd32e23x_syscfg.o(.text.syscfg_exti_line_config)
    __arm_cp.5_0                             0x08001194   Number         4  gd32e23x_syscfg.o(.text.syscfg_exti_line_config)
    __arm_cp.5_1                             0x08001198   Number         4  gd32e23x_syscfg.o(.text.syscfg_exti_line_config)
    __arm_cp.5_2                             0x0800119c   Number         4  gd32e23x_syscfg.o(.text.syscfg_exti_line_config)
    __arm_cp.5_3                             0x080011a0   Number         4  gd32e23x_syscfg.o(.text.syscfg_exti_line_config)
    system_clock_72m_hxtal                   0x080011a5   Thumb Code   228  system_gd32e23x.o(.text.system_clock_72m_hxtal)
    [Anonymous Symbol]                       0x080011a4   Section        0  system_gd32e23x.o(.text.system_clock_72m_hxtal)
    __arm_cp.3_0                             0x08001274   Number         4  system_gd32e23x.o(.text.system_clock_72m_hxtal)
    __arm_cp.3_1                             0x08001278   Number         4  system_gd32e23x.o(.text.system_clock_72m_hxtal)
    __arm_cp.3_2                             0x0800127c   Number         4  system_gd32e23x.o(.text.system_clock_72m_hxtal)
    __arm_cp.3_3                             0x08001280   Number         4  system_gd32e23x.o(.text.system_clock_72m_hxtal)
    __arm_cp.3_4                             0x08001284   Number         4  system_gd32e23x.o(.text.system_clock_72m_hxtal)
    system_clock_config                      0x08001289   Thumb Code     8  system_gd32e23x.o(.text.system_clock_config)
    [Anonymous Symbol]                       0x08001288   Section        0  system_gd32e23x.o(.text.system_clock_config)
    [Anonymous Symbol]                       0x08001290   Section        0  systick.o(.text.systick_config)
    __arm_cp.0_0                             0x080012c0   Number         4  systick.o(.text.systick_config)
    i.__scatterload_copy                     0x080012c4   Section       14  handlers.o(i.__scatterload_copy)
    i.__scatterload_null                     0x080012d2   Section        2  handlers.o(i.__scatterload_null)
    i.__scatterload_zeroinit                 0x080012d4   Section       14  handlers.o(i.__scatterload_zeroinit)
    GPIO_CLK                                 0x080012e2   Data           8  gd32e230c_eval.o(.rodata.GPIO_CLK)
    [Anonymous Symbol]                       0x080012e2   Section        0  gd32e230c_eval.o(.rodata.GPIO_CLK)
    GPIO_PIN                                 0x080012ec   Data          16  gd32e230c_eval.o(.rodata.GPIO_PIN)
    [Anonymous Symbol]                       0x080012ec   Section        0  gd32e230c_eval.o(.rodata.GPIO_PIN)
    GPIO_PORT                                0x080012fc   Data          16  gd32e230c_eval.o(.rodata.GPIO_PORT)
    [Anonymous Symbol]                       0x080012fc   Section        0  gd32e230c_eval.o(.rodata.GPIO_PORT)
    KEY_CLK                                  0x0800130c   Data           4  gd32e230c_eval.o(.rodata.KEY_CLK)
    [Anonymous Symbol]                       0x0800130c   Section        0  gd32e230c_eval.o(.rodata.KEY_CLK)
    KEY_EXTI_LINE                            0x08001310   Data           8  gd32e230c_eval.o(.rodata.KEY_EXTI_LINE)
    [Anonymous Symbol]                       0x08001310   Section        0  gd32e230c_eval.o(.rodata.KEY_EXTI_LINE)
    KEY_IRQn                                 0x08001318   Data           2  gd32e230c_eval.o(.rodata.KEY_IRQn)
    [Anonymous Symbol]                       0x08001318   Section        0  gd32e230c_eval.o(.rodata.KEY_IRQn)
    KEY_PIN                                  0x0800131c   Data           8  gd32e230c_eval.o(.rodata.KEY_PIN)
    [Anonymous Symbol]                       0x0800131c   Section        0  gd32e230c_eval.o(.rodata.KEY_PIN)
    KEY_PIN_SOURCE                           0x08001324   Data           2  gd32e230c_eval.o(.rodata.KEY_PIN_SOURCE)
    [Anonymous Symbol]                       0x08001324   Section        0  gd32e230c_eval.o(.rodata.KEY_PIN_SOURCE)
    KEY_PORT                                 0x08001328   Data           8  gd32e230c_eval.o(.rodata.KEY_PORT)
    [Anonymous Symbol]                       0x08001328   Section        0  gd32e230c_eval.o(.rodata.KEY_PORT)
    KEY_PORT_SOURCE                          0x08001330   Data           2  gd32e230c_eval.o(.rodata.KEY_PORT_SOURCE)
    [Anonymous Symbol]                       0x08001330   Section        0  gd32e230c_eval.o(.rodata.KEY_PORT_SOURCE)
    delay                                    0x20000008   Data           4  systick.o(.bss.delay)
    [Anonymous Symbol]                       0x20000008   Section        0  systick.o(.bss.delay)
    STACK                                    0x20000010   Section     1024  startup_gd32e23x.o(STACK)

    Global Symbols

    Symbol Name                              Value     Ov Type        Size  Object(Section)

    BuildAttributes$$THM_ISAv3M$S$8M$PE$A:L22$X:L11$S22$IEEE1$IW$~IW$USESV6$~STKCKD$USESV7$~SHL$OSPACE$EBA8$MICROLIB$REQ8$PRES8$EABIv2 0x00000000   Number         0  anon$$obj.o ABSOLUTE
    __cpp_initialize__aeabi_                  - Undefined Weak Reference
    __cxa_finalize                            - Undefined Weak Reference
    __decompress                              - Undefined Weak Reference
    _clock_init                               - Undefined Weak Reference
    _microlib_exit                            - Undefined Weak Reference
    __Vectors_Size                           0x000000cc   Number         0  startup_gd32e23x.o ABSOLUTE
    __Vectors                                0x08000000   Data           4  startup_gd32e23x.o(RESET)
    __Vectors_End                            0x080000cc   Data           0  startup_gd32e23x.o(RESET)
    __main                                   0x080000cd   Thumb Code     0  entry.o(.ARM.Collect$$$$00000000)
    _main_stk                                0x080000cd   Thumb Code     0  entry2.o(.ARM.Collect$$$$00000001)
    _main_scatterload                        0x080000d1   Thumb Code     0  entry5.o(.ARM.Collect$$$$00000004)
    __main_after_scatterload                 0x080000d5   Thumb Code     0  entry5.o(.ARM.Collect$$$$00000004)
    _main_clock                              0x080000d5   Thumb Code     0  entry7b.o(.ARM.Collect$$$$00000008)
    _main_cpp_init                           0x080000d5   Thumb Code     0  entry8b.o(.ARM.Collect$$$$0000000A)
    _main_init                               0x080000d5   Thumb Code     0  entry9a.o(.ARM.Collect$$$$0000000B)
    __rt_final_cpp                           0x080000dd   Thumb Code     0  entry10a.o(.ARM.Collect$$$$0000000D)
    __rt_final_exit                          0x080000dd   Thumb Code     0  entry11a.o(.ARM.Collect$$$$0000000F)
    Reset_Handler                            0x080000e1   Thumb Code     8  startup_gd32e23x.o(.text)
    ADC_CMP_IRQHandler                       0x080000f3   Thumb Code     0  startup_gd32e23x.o(.text)
    DMA_Channel0_IRQHandler                  0x080000f3   Thumb Code     0  startup_gd32e23x.o(.text)
    DMA_Channel1_2_IRQHandler                0x080000f3   Thumb Code     0  startup_gd32e23x.o(.text)
    DMA_Channel3_4_IRQHandler                0x080000f3   Thumb Code     0  startup_gd32e23x.o(.text)
    EXTI0_1_IRQHandler                       0x080000f3   Thumb Code     0  startup_gd32e23x.o(.text)
    EXTI2_3_IRQHandler                       0x080000f3   Thumb Code     0  startup_gd32e23x.o(.text)
    FMC_IRQHandler                           0x080000f3   Thumb Code     0  startup_gd32e23x.o(.text)
    I2C0_ER_IRQHandler                       0x080000f3   Thumb Code     0  startup_gd32e23x.o(.text)
    I2C0_EV_IRQHandler                       0x080000f3   Thumb Code     0  startup_gd32e23x.o(.text)
    I2C1_ER_IRQHandler                       0x080000f3   Thumb Code     0  startup_gd32e23x.o(.text)
    I2C1_EV_IRQHandler                       0x080000f3   Thumb Code     0  startup_gd32e23x.o(.text)
    LVD_IRQHandler                           0x080000f3   Thumb Code     0  startup_gd32e23x.o(.text)
    RCU_IRQHandler                           0x080000f3   Thumb Code     0  startup_gd32e23x.o(.text)
    SPI0_IRQHandler                          0x080000f3   Thumb Code     0  startup_gd32e23x.o(.text)
    SPI1_IRQHandler                          0x080000f3   Thumb Code     0  startup_gd32e23x.o(.text)
    TIMER0_BRK_UP_TRG_COM_IRQHandler         0x080000f3   Thumb Code     0  startup_gd32e23x.o(.text)
    TIMER0_Channel_IRQHandler                0x080000f3   Thumb Code     0  startup_gd32e23x.o(.text)
    TIMER13_IRQHandler                       0x080000f3   Thumb Code     0  startup_gd32e23x.o(.text)
    TIMER14_IRQHandler                       0x080000f3   Thumb Code     0  startup_gd32e23x.o(.text)
    TIMER15_IRQHandler                       0x080000f3   Thumb Code     0  startup_gd32e23x.o(.text)
    TIMER16_IRQHandler                       0x080000f3   Thumb Code     0  startup_gd32e23x.o(.text)
    TIMER2_IRQHandler                        0x080000f3   Thumb Code     0  startup_gd32e23x.o(.text)
    TIMER5_IRQHandler                        0x080000f3   Thumb Code     0  startup_gd32e23x.o(.text)
    USART0_IRQHandler                        0x080000f3   Thumb Code     0  startup_gd32e23x.o(.text)
    USART1_IRQHandler                        0x080000f3   Thumb Code     0  startup_gd32e23x.o(.text)
    WWDGT_IRQHandler                         0x080000f3   Thumb Code     0  startup_gd32e23x.o(.text)
    __scatterload                            0x080000fd   Thumb Code    28  init.o(.text)
    __scatterload_rt2                        0x080000fd   Thumb Code     0  init.o(.text)
    EXTI4_15_IRQHandler                      0x08000121   Thumb Code    28  gd32e23x_it.o(.text.EXTI4_15_IRQHandler)
    HardFault_Handler                        0x0800013d   Thumb Code     4  gd32e23x_it.o(.text.HardFault_Handler)
    NMI_Handler                              0x08000141   Thumb Code     2  gd32e23x_it.o(.text.NMI_Handler)
    PendSV_Handler                           0x08000143   Thumb Code     2  gd32e23x_it.o(.text.PendSV_Handler)
    RTC_IRQHandler                           0x08000145   Thumb Code    36  gd32e23x_it.o(.text.RTC_IRQHandler)
    SVC_Handler                              0x08000169   Thumb Code     2  gd32e23x_it.o(.text.SVC_Handler)
    SysTick_Handler                          0x080001c5   Thumb Code     8  gd32e23x_it.o(.text.SysTick_Handler)
    SystemInit                               0x080001cd   Thumb Code   172  system_gd32e23x.o(.text.SystemInit)
    delay_1ms                                0x080003c1   Thumb Code    36  systick.o(.text.delay_1ms)
    delay_decrement                          0x080003e1   Thumb Code    28  systick.o(.text.delay_decrement)
    exti_flag_clear                          0x080003fd   Thumb Code    24  gd32e23x_exti.o(.text.exti_flag_clear)
    exti_init                                0x08000411   Thumb Code   240  gd32e23x_exti.o(.text.exti_init)
    exti_interrupt_enable                    0x080004fd   Thumb Code    28  gd32e23x_exti.o(.text.exti_interrupt_enable)
    exti_interrupt_flag_clear                0x08000519   Thumb Code    24  gd32e23x_exti.o(.text.exti_interrupt_flag_clear)
    exti_interrupt_flag_get                  0x0800052d   Thumb Code    48  gd32e23x_exti.o(.text.exti_interrupt_flag_get)
    gd_eval_key_init                         0x0800055d   Thumb Code   188  gd32e230c_eval.o(.text.gd_eval_key_init)
    gd_eval_led_init                         0x08000619   Thumb Code   120  gd32e230c_eval.o(.text.gd_eval_led_init)
    gd_eval_led_off                          0x08000689   Thumb Code    36  gd32e230c_eval.o(.text.gd_eval_led_off)
    gd_eval_led_on                           0x080006a5   Thumb Code    36  gd32e230c_eval.o(.text.gd_eval_led_on)
    gd_eval_led_toggle                       0x080006c1   Thumb Code    36  gd32e230c_eval.o(.text.gd_eval_led_toggle)
    gpio_input_bit_get                       0x080006e5   Thumb Code    50  gd32e23x_gpio.o(.text.gpio_input_bit_get)
    gpio_mode_set                            0x08000717   Thumb Code   162  gd32e23x_gpio.o(.text.gpio_mode_set)
    gpio_output_options_set                  0x080007b9   Thumb Code   156  gd32e23x_gpio.o(.text.gpio_output_options_set)
    key_config                               0x08000855   Thumb Code    28  main.o(.text.key_config)
    led_config                               0x08000871   Thumb Code    16  main.o(.text.led_config)
    main                                     0x08000881   Thumb Code    94  main.o(.text.main)
    nvic_configuration                       0x080008df   Thumb Code    18  main.o(.text.nvic_configuration)
    nvic_irq_enable                          0x080008f1   Thumb Code    52  gd32e23x_misc.o(.text.nvic_irq_enable)
    nvic_vector_table_set                    0x08000925   Thumb Code    44  gd32e23x_misc.o(.text.nvic_vector_table_set)
    pmu_backup_write_enable                  0x08000951   Thumb Code    20  gd32e23x_pmu.o(.text.pmu_backup_write_enable)
    pmu_to_deepsleepmode                     0x08000961   Thumb Code    88  gd32e23x_pmu.o(.text.pmu_to_deepsleepmode)
    rcu_flag_get                             0x080009b9   Thumb Code    64  gd32e23x_rcu.o(.text.rcu_flag_get)
    rcu_osci_on                              0x080009f5   Thumb Code    44  gd32e23x_rcu.o(.text.rcu_osci_on)
    rcu_osci_stab_wait                       0x08000a1d   Thumb Code   604  gd32e23x_rcu.o(.text.rcu_osci_stab_wait)
    rcu_periph_clock_enable                  0x08000c79   Thumb Code    44  gd32e23x_rcu.o(.text.rcu_periph_clock_enable)
    rcu_rtc_clock_config                     0x08000ca5   Thumb Code    36  gd32e23x_rcu.o(.text.rcu_rtc_clock_config)
    rtc_alarm_config                         0x08000cc9   Thumb Code    92  gd32e23x_rtc.o(.text.rtc_alarm_config)
    rtc_alarm_disable                        0x08000d21   Thumb Code   132  gd32e23x_rtc.o(.text.rtc_alarm_disable)
    rtc_alarm_enable                         0x08000d99   Thumb Code    36  gd32e23x_rtc.o(.text.rtc_alarm_enable)
    rtc_configuration                        0x08000db5   Thumb Code   196  main.o(.text.rtc_configuration)
    rtc_flag_clear                           0x08000e79   Thumb Code    28  gd32e23x_rtc.o(.text.rtc_flag_clear)
    rtc_flag_get                             0x08000e91   Thumb Code    48  gd32e23x_rtc.o(.text.rtc_flag_get)
    rtc_init                                 0x08000ebd   Thumb Code   212  gd32e23x_rtc.o(.text.rtc_init)
    rtc_init_mode_enter                      0x08000f89   Thumb Code   128  gd32e23x_rtc.o(.text.rtc_init_mode_enter)
    rtc_init_mode_exit                       0x08001005   Thumb Code    16  gd32e23x_rtc.o(.text.rtc_init_mode_exit)
    rtc_interrupt_enable                     0x08001011   Thumb Code    68  gd32e23x_rtc.o(.text.rtc_interrupt_enable)
    rtc_register_sync_wait                   0x08001051   Thumb Code   152  gd32e23x_rtc.o(.text.rtc_register_sync_wait)
    syscfg_exti_line_config                  0x080010e9   Thumb Code   188  gd32e23x_syscfg.o(.text.syscfg_exti_line_config)
    systick_config                           0x08001291   Thumb Code    52  systick.o(.text.systick_config)
    __scatterload_copy                       0x080012c5   Thumb Code    14  handlers.o(i.__scatterload_copy)
    __scatterload_null                       0x080012d3   Thumb Code     2  handlers.o(i.__scatterload_null)
    __scatterload_zeroinit                   0x080012d5   Thumb Code    14  handlers.o(i.__scatterload_zeroinit)
    Region$$Table$$Base                      0x08001334   Number         0  anon$$obj.o(Region$$Table)
    Region$$Table$$Limit                     0x08001354   Number         0  anon$$obj.o(Region$$Table)
    SystemCoreClock                          0x20000000   Data           4  system_gd32e23x.o(.data.SystemCoreClock)
    __initial_sp                             0x20000410   Data           0  startup_gd32e23x.o(STACK)



==============================================================================

Memory Map of the image

  Image Entry point : 0x080000cd

  Load Region LR_IROM1 (Base: 0x08000000, Size: 0x00001360, Max: 0x00010000, ABSOLUTE)

    Execution Region ER_IROM1 (Exec base: 0x08000000, Load base: 0x08000000, Size: 0x00001354, Max: 0x00010000, ABSOLUTE)

    Exec Addr    Load Addr    Size         Type   Attr      Idx    E Section Name        Object

    0x08000000   0x08000000   0x000000cc   Data   RO         1230    RESET               startup_gd32e23x.o
    0x080000cc   0x080000cc   0x00000000   Code   RO         1272  * .ARM.Collect$$$$00000000  mc_p.l(entry.o)
    0x080000cc   0x080000cc   0x00000004   Code   RO         1275    .ARM.Collect$$$$00000001  mc_p.l(entry2.o)
    0x080000d0   0x080000d0   0x00000004   Code   RO         1278    .ARM.Collect$$$$00000004  mc_p.l(entry5.o)
    0x080000d4   0x080000d4   0x00000000   Code   RO         1280    .ARM.Collect$$$$00000008  mc_p.l(entry7b.o)
    0x080000d4   0x080000d4   0x00000000   Code   RO         1282    .ARM.Collect$$$$0000000A  mc_p.l(entry8b.o)
    0x080000d4   0x080000d4   0x00000008   Code   RO         1283    .ARM.Collect$$$$0000000B  mc_p.l(entry9a.o)
    0x080000dc   0x080000dc   0x00000000   Code   RO         1285    .ARM.Collect$$$$0000000D  mc_p.l(entry10a.o)
    0x080000dc   0x080000dc   0x00000000   Code   RO         1287    .ARM.Collect$$$$0000000F  mc_p.l(entry11a.o)
    0x080000dc   0x080000dc   0x00000004   Code   RO         1276    .ARM.Collect$$$$00002712  mc_p.l(entry2.o)
    0x080000e0   0x080000e0   0x0000001c   Code   RO         1231    .text               startup_gd32e23x.o
    0x080000fc   0x080000fc   0x00000024   Code   RO         1289    .text               mc_p.l(init.o)
    0x08000120   0x08000120   0x0000001c   Code   RO           44    .text.EXTI4_15_IRQHandler  gd32e23x_it.o
    0x0800013c   0x0800013c   0x00000004   Code   RO           26    .text.HardFault_Handler  gd32e23x_it.o
    0x08000140   0x08000140   0x00000002   Code   RO           24    .text.NMI_Handler   gd32e23x_it.o
    0x08000142   0x08000142   0x00000002   Code   RO           38    .text.PendSV_Handler  gd32e23x_it.o
    0x08000144   0x08000144   0x00000024   Code   RO           42    .text.RTC_IRQHandler  gd32e23x_it.o
    0x08000168   0x08000168   0x00000002   Code   RO           34    .text.SVC_Handler   gd32e23x_it.o
    0x0800016a   0x0800016a   0x00000002   PAD
    0x0800016c   0x0800016c   0x00000058   Code   RO           56    .text.SysTick_Config  systick.o
    0x080001c4   0x080001c4   0x00000008   Code   RO           40    .text.SysTick_Handler  gd32e23x_it.o
    0x080001cc   0x080001cc   0x000000ac   Code   RO           73    .text.SystemInit    system_gd32e23x.o
    0x08000278   0x08000278   0x00000038   Code   RO          555    .text.__NVIC_EnableIRQ  gd32e23x_misc.o
    0x080002b0   0x080002b0   0x00000084   Code   RO           58    .text.__NVIC_SetPriority  systick.o
    0x08000334   0x08000334   0x0000008c   Code   RO          553    .text.__NVIC_SetPriority  gd32e23x_misc.o
    0x080003c0   0x080003c0   0x00000020   Code   RO           60    .text.delay_1ms     systick.o
    0x080003e0   0x080003e0   0x0000001c   Code   RO           62    .text.delay_decrement  systick.o
    0x080003fc   0x080003fc   0x00000014   Code   RO          327    .text.exti_flag_clear  gd32e23x_exti.o
    0x08000410   0x08000410   0x000000ec   Code   RO          311    .text.exti_init     gd32e23x_exti.o
    0x080004fc   0x080004fc   0x0000001c   Code   RO          313    .text.exti_interrupt_enable  gd32e23x_exti.o
    0x08000518   0x08000518   0x00000014   Code   RO          331    .text.exti_interrupt_flag_clear  gd32e23x_exti.o
    0x0800052c   0x0800052c   0x00000030   Code   RO          329    .text.exti_interrupt_flag_get  gd32e23x_exti.o
    0x0800055c   0x0800055c   0x000000bc   Code   RO         1246    .text.gd_eval_key_init  gd32e230c_eval.o
    0x08000618   0x08000618   0x00000070   Code   RO         1238    .text.gd_eval_led_init  gd32e230c_eval.o
    0x08000688   0x08000688   0x0000001c   Code   RO         1242    .text.gd_eval_led_off  gd32e230c_eval.o
    0x080006a4   0x080006a4   0x0000001c   Code   RO         1240    .text.gd_eval_led_on  gd32e230c_eval.o
    0x080006c0   0x080006c0   0x00000024   Code   RO         1244    .text.gd_eval_led_toggle  gd32e230c_eval.o
    0x080006e4   0x080006e4   0x00000032   Code   RO          449    .text.gpio_input_bit_get  gd32e23x_gpio.o
    0x08000716   0x08000716   0x000000a2   Code   RO          437    .text.gpio_mode_set  gd32e23x_gpio.o
    0x080007b8   0x080007b8   0x0000009c   Code   RO          439    .text.gpio_output_options_set  gd32e23x_gpio.o
    0x08000854   0x08000854   0x0000001c   Code   RO            8    .text.key_config    main.o
    0x08000870   0x08000870   0x00000010   Code   RO            6    .text.led_config    main.o
    0x08000880   0x08000880   0x0000005e   Code   RO            2    .text.main          main.o
    0x080008de   0x080008de   0x00000012   Code   RO            4    .text.nvic_configuration  main.o
    0x080008f0   0x080008f0   0x00000034   Code   RO          551    .text.nvic_irq_enable  gd32e23x_misc.o
    0x08000924   0x08000924   0x0000002c   Code   RO          565    .text.nvic_vector_table_set  gd32e23x_misc.o
    0x08000950   0x08000950   0x00000010   Code   RO          599    .text.pmu_backup_write_enable  gd32e23x_pmu.o
    0x08000960   0x08000960   0x00000058   Code   RO          591    .text.pmu_to_deepsleepmode  gd32e23x_pmu.o
    0x080009b8   0x080009b8   0x0000003c   Code   RO          657    .text.rcu_flag_get  gd32e23x_rcu.o
    0x080009f4   0x080009f4   0x00000028   Code   RO          671    .text.rcu_osci_on   gd32e23x_rcu.o
    0x08000a1c   0x08000a1c   0x0000025c   Code   RO          669    .text.rcu_osci_stab_wait  gd32e23x_rcu.o
    0x08000c78   0x08000c78   0x0000002c   Code   RO          617    .text.rcu_periph_clock_enable  gd32e23x_rcu.o
    0x08000ca4   0x08000ca4   0x00000024   Code   RO          651    .text.rcu_rtc_clock_config  gd32e23x_rcu.o
    0x08000cc8   0x08000cc8   0x00000058   Code   RO          717    .text.rtc_alarm_config  gd32e23x_rtc.o
    0x08000d20   0x08000d20   0x00000078   Code   RO          723    .text.rtc_alarm_disable  gd32e23x_rtc.o
    0x08000d98   0x08000d98   0x0000001c   Code   RO          721    .text.rtc_alarm_enable  gd32e23x_rtc.o
    0x08000db4   0x08000db4   0x000000c4   Code   RO           10    .text.rtc_configuration  main.o
    0x08000e78   0x08000e78   0x00000018   Code   RO          747    .text.rtc_flag_clear  gd32e23x_rtc.o
    0x08000e90   0x08000e90   0x0000002c   Code   RO          745    .text.rtc_flag_get  gd32e23x_rtc.o
    0x08000ebc   0x08000ebc   0x000000cc   Code   RO          709    .text.rtc_init      gd32e23x_rtc.o
    0x08000f88   0x08000f88   0x0000007c   Code   RO          705    .text.rtc_init_mode_enter  gd32e23x_rtc.o
    0x08001004   0x08001004   0x0000000c   Code   RO          711    .text.rtc_init_mode_exit  gd32e23x_rtc.o
    0x08001010   0x08001010   0x00000040   Code   RO          741    .text.rtc_interrupt_enable  gd32e23x_rtc.o
    0x08001050   0x08001050   0x00000098   Code   RO          707    .text.rtc_register_sync_wait  gd32e23x_rtc.o
    0x080010e8   0x080010e8   0x000000bc   Code   RO          879    .text.syscfg_exti_line_config  gd32e23x_syscfg.o
    0x080011a4   0x080011a4   0x000000e4   Code   RO           79    .text.system_clock_72m_hxtal  system_gd32e23x.o
    0x08001288   0x08001288   0x00000008   Code   RO           75    .text.system_clock_config  system_gd32e23x.o
    0x08001290   0x08001290   0x00000034   Code   RO           54    .text.systick_config  systick.o
    0x080012c4   0x080012c4   0x0000000e   Code   RO         1293    i.__scatterload_copy  mc_p.l(handlers.o)
    0x080012d2   0x080012d2   0x00000002   Code   RO         1294    i.__scatterload_null  mc_p.l(handlers.o)
    0x080012d4   0x080012d4   0x0000000e   Code   RO         1295    i.__scatterload_zeroinit  mc_p.l(handlers.o)
    0x080012e2   0x080012e2   0x00000008   Data   RO         1252    .rodata.GPIO_CLK    gd32e230c_eval.o
    0x080012ea   0x080012ea   0x00000002   PAD
    0x080012ec   0x080012ec   0x00000010   Data   RO         1254    .rodata.GPIO_PIN    gd32e230c_eval.o
    0x080012fc   0x080012fc   0x00000010   Data   RO         1253    .rodata.GPIO_PORT   gd32e230c_eval.o
    0x0800130c   0x0800130c   0x00000004   Data   RO         1255    .rodata.KEY_CLK     gd32e230c_eval.o
    0x08001310   0x08001310   0x00000008   Data   RO         1261    .rodata.KEY_EXTI_LINE  gd32e230c_eval.o
    0x08001318   0x08001318   0x00000002   Data   RO         1258    .rodata.KEY_IRQn    gd32e230c_eval.o
    0x0800131a   0x0800131a   0x00000002   PAD
    0x0800131c   0x0800131c   0x00000008   Data   RO         1257    .rodata.KEY_PIN     gd32e230c_eval.o
    0x08001324   0x08001324   0x00000002   Data   RO         1260    .rodata.KEY_PIN_SOURCE  gd32e230c_eval.o
    0x08001326   0x08001326   0x00000002   PAD
    0x08001328   0x08001328   0x00000008   Data   RO         1256    .rodata.KEY_PORT    gd32e230c_eval.o
    0x08001330   0x08001330   0x00000002   Data   RO         1259    .rodata.KEY_PORT_SOURCE  gd32e230c_eval.o
    0x08001332   0x08001332   0x00000002   PAD
    0x08001334   0x08001334   0x00000020   Data   RO         1292    Region$$Table       anon$$obj.o


    Execution Region RW_IRAM1 (Exec base: 0x20000000, Load base: 0x08001358, Size: 0x00000410, Max: 0x00002000, ABSOLUTE)

    Exec Addr    Load Addr    Size         Type   Attr      Idx    E Section Name        Object

    0x20000000   0x08001358   0x00000004   Data   RW           81    .data.SystemCoreClock  system_gd32e23x.o
    0x20000004   0x0800135c   0x00000004   PAD
    0x20000008        -       0x00000004   Zero   RW           64    .bss.delay          systick.o
    0x2000000c   0x0800135c   0x00000004   PAD
    0x20000010        -       0x00000400   Zero   RW         1228    STACK               startup_gd32e23x.o


==============================================================================

Image component sizes


      Code (inc. data)   RO Data    RW Data    ZI Data      Debug   Object Name

       392         40         74          0          0       3746   gd32e230c_eval.o
       352         20          0          0          0       3137   gd32e23x_exti.o
       368          0          0          0          0       4310   gd32e23x_gpio.o
        82          0          0          0          0       2004   gd32e23x_it.o
       292         20          0          0          0       3933   gd32e23x_misc.o
       104          8          0          0          0       3481   gd32e23x_pmu.o
       784         32          0          0          0      11533   gd32e23x_rcu.o
       860         40          0          0          0       8349   gd32e23x_rtc.o
       188         16          0          0          0       2793   gd32e23x_syscfg.o
       352         12          0          0          0       4364   main.o
        28          8        204          0       1024        700   startup_gd32e23x.o
       408         56          0          4          0       1844   system_gd32e23x.o
       332         20          0          0          4       2990   systick.o

    ----------------------------------------------------------------------
      4544        272        318          4       1036      53184   Object Totals
         0          0         32          0          0          0   (incl. Generated)
         2          0          8          0          8          0   (incl. Padding)

    ----------------------------------------------------------------------

      Code (inc. data)   RO Data    RW Data    ZI Data      Debug   Library Member Name

         0          0          0          0          0          0   entry.o
         0          0          0          0          0          0   entry10a.o
         0          0          0          0          0          0   entry11a.o
         8          4          0          0          0          0   entry2.o
         4          0          0          0          0          0   entry5.o
         0          0          0          0          0          0   entry7b.o
         0          0          0          0          0          0   entry8b.o
         8          4          0          0          0          0   entry9a.o
        30          0          0          0          0          0   handlers.o
        36          8          0          0          0         68   init.o

    ----------------------------------------------------------------------
        86         16          0          0          0         68   Library Totals
         0          0          0          0          0          0   (incl. Padding)

    ----------------------------------------------------------------------

      Code (inc. data)   RO Data    RW Data    ZI Data      Debug   Library Name

        86         16          0          0          0         68   mc_p.l

    ----------------------------------------------------------------------
        86         16          0          0          0         68   Library Totals

    ----------------------------------------------------------------------

==============================================================================


      Code (inc. data)   RO Data    RW Data    ZI Data      Debug   

      4630        288        318          4       1036      53228   Grand Totals
      4630        288        318          4       1036      53228   ELF Image Totals
      4630        288        318          4          0          0   ROM Totals

==============================================================================

    Total RO  Size (Code + RO Data)                 4948 (   4.83kB)
    Total RW  Size (RW Data + ZI Data)              1040 (   1.02kB)
    Total ROM Size (Code + RO Data + RW Data)       4952 (   4.84kB)

==============================================================================

